Archive member included to satisfy reference by file (symbol)

/usr/lib/gcc/arm-none-eabi/9.2.0/../../../../arm-none-eabi/lib/thumb/v7e-m/nofp/libstdc++_nano.a(eh_arm.o)
                              CMakeFiles/sprinter.elf.dir/src/Application.cpp.obj (__cxa_end_cleanup)
/usr/lib/gcc/arm-none-eabi/9.2.0/../../../../arm-none-eabi/lib/thumb/v7e-m/nofp/libstdc++_nano.a(eh_exception.o)
                              /usr/lib/gcc/arm-none-eabi/9.2.0/../../../../arm-none-eabi/lib/thumb/v7e-m/nofp/libstdc++_nano.a(eh_arm.o) (typeinfo for __cxxabiv1::__forced_unwind)
/usr/lib/gcc/arm-none-eabi/9.2.0/../../../../arm-none-eabi/lib/thumb/v7e-m/nofp/libstdc++_nano.a(eh_globals.o)
                              /usr/lib/gcc/arm-none-eabi/9.2.0/../../../../arm-none-eabi/lib/thumb/v7e-m/nofp/libstdc++_nano.a(eh_arm.o) (__cxa_get_globals)
/usr/lib/gcc/arm-none-eabi/9.2.0/../../../../arm-none-eabi/lib/thumb/v7e-m/nofp/libstdc++_nano.a(eh_personality.o)
                              CMakeFiles/sprinter.elf.dir/src/Application.cpp.obj (__gxx_personality_v0)
/usr/lib/gcc/arm-none-eabi/9.2.0/../../../../arm-none-eabi/lib/thumb/v7e-m/nofp/libstdc++_nano.a(eh_terminate.o)
                              /usr/lib/gcc/arm-none-eabi/9.2.0/../../../../arm-none-eabi/lib/thumb/v7e-m/nofp/libstdc++_nano.a(eh_arm.o) (std::terminate())
/usr/lib/gcc/arm-none-eabi/9.2.0/../../../../arm-none-eabi/lib/thumb/v7e-m/nofp/libstdc++_nano.a(eh_unex_handler.o)
                              /usr/lib/gcc/arm-none-eabi/9.2.0/../../../../arm-none-eabi/lib/thumb/v7e-m/nofp/libstdc++_nano.a(eh_terminate.o) (__cxxabiv1::__unexpected_handler)
/usr/lib/gcc/arm-none-eabi/9.2.0/../../../../arm-none-eabi/lib/thumb/v7e-m/nofp/libstdc++_nano.a(pure.o)
                              /usr/lib/gcc/arm-none-eabi/9.2.0/../../../../arm-none-eabi/lib/thumb/v7e-m/nofp/libstdc++_nano.a(eh_exception.o) (__cxa_pure_virtual)
/usr/lib/gcc/arm-none-eabi/9.2.0/../../../../arm-none-eabi/lib/thumb/v7e-m/nofp/libstdc++_nano.a(si_class_type_info.o)
                              /usr/lib/gcc/arm-none-eabi/9.2.0/../../../../arm-none-eabi/lib/thumb/v7e-m/nofp/libstdc++_nano.a(eh_exception.o) (vtable for __cxxabiv1::__si_class_type_info)
/usr/lib/gcc/arm-none-eabi/9.2.0/../../../../arm-none-eabi/lib/thumb/v7e-m/nofp/libstdc++_nano.a(tinfo.o)
                              /usr/lib/gcc/arm-none-eabi/9.2.0/../../../../arm-none-eabi/lib/thumb/v7e-m/nofp/libstdc++_nano.a(si_class_type_info.o) (std::type_info::__is_pointer_p() const)
/usr/lib/gcc/arm-none-eabi/9.2.0/../../../../arm-none-eabi/lib/thumb/v7e-m/nofp/libstdc++_nano.a(class_type_info.o)
                              /usr/lib/gcc/arm-none-eabi/9.2.0/../../../../arm-none-eabi/lib/thumb/v7e-m/nofp/libstdc++_nano.a(si_class_type_info.o) (__cxxabiv1::__class_type_info::__do_upcast(__cxxabiv1::__class_type_info const*, void**) const)
/usr/lib/gcc/arm-none-eabi/9.2.0/../../../../arm-none-eabi/lib/thumb/v7e-m/nofp/libstdc++_nano.a(del_ops.o)
                              /usr/lib/gcc/arm-none-eabi/9.2.0/../../../../arm-none-eabi/lib/thumb/v7e-m/nofp/libstdc++_nano.a(eh_exception.o) (operator delete(void*, unsigned int))
/usr/lib/gcc/arm-none-eabi/9.2.0/../../../../arm-none-eabi/lib/thumb/v7e-m/nofp/libstdc++_nano.a(eh_call.o)
                              /usr/lib/gcc/arm-none-eabi/9.2.0/../../../../arm-none-eabi/lib/thumb/v7e-m/nofp/libstdc++_nano.a(eh_personality.o) (__cxa_call_terminate)
/usr/lib/gcc/arm-none-eabi/9.2.0/../../../../arm-none-eabi/lib/thumb/v7e-m/nofp/libstdc++_nano.a(eh_catch.o)
                              /usr/lib/gcc/arm-none-eabi/9.2.0/../../../../arm-none-eabi/lib/thumb/v7e-m/nofp/libstdc++_nano.a(eh_call.o) (__cxa_begin_catch)
/usr/lib/gcc/arm-none-eabi/9.2.0/../../../../arm-none-eabi/lib/thumb/v7e-m/nofp/libstdc++_nano.a(eh_term_handler.o)
                              /usr/lib/gcc/arm-none-eabi/9.2.0/../../../../arm-none-eabi/lib/thumb/v7e-m/nofp/libstdc++_nano.a(eh_terminate.o) (__cxxabiv1::__terminate_handler)
/usr/lib/gcc/arm-none-eabi/9.2.0/../../../../arm-none-eabi/lib/thumb/v7e-m/nofp/libstdc++_nano.a(del_op.o)
                              /usr/lib/gcc/arm-none-eabi/9.2.0/../../../../arm-none-eabi/lib/thumb/v7e-m/nofp/libstdc++_nano.a(del_ops.o) (operator delete(void*))
/usr/lib/gcc/arm-none-eabi/9.2.0/../../../../arm-none-eabi/lib/thumb/v7e-m/nofp/libm.a(lib_a-sf_cos.o)
                              CMakeFiles/sprinter.elf.dir/src/Util/Odometry.cpp.obj (cosf)
/usr/lib/gcc/arm-none-eabi/9.2.0/../../../../arm-none-eabi/lib/thumb/v7e-m/nofp/libm.a(lib_a-sf_sin.o)
                              CMakeFiles/sprinter.elf.dir/src/Util/Odometry.cpp.obj (sinf)
/usr/lib/gcc/arm-none-eabi/9.2.0/../../../../arm-none-eabi/lib/thumb/v7e-m/nofp/libm.a(lib_a-ef_rem_pio2.o)
                              /usr/lib/gcc/arm-none-eabi/9.2.0/../../../../arm-none-eabi/lib/thumb/v7e-m/nofp/libm.a(lib_a-sf_cos.o) (__ieee754_rem_pio2f)
[...]
Memory Configuration

Name             Origin             Length             Attributes
RAM              0x0000000020000000 0x0000000000020000 xrw
ROM              0x0000000008000000 0x0000000000080000 xr
*default*        0x0000000000000000 0xffffffffffffffff

Linker script and memory map

LOAD /usr/lib/gcc/arm-none-eabi/9.2.0/thumb/v7e-m/nofp/crti.o
LOAD /usr/lib/gcc/arm-none-eabi/9.2.0/thumb/v7e-m/nofp/crtbegin.o
LOAD /usr/lib/gcc/arm-none-eabi/9.2.0/../../../../arm-none-eabi/lib/thumb/v7e-m/nofp/crt0.o
LOAD CMakeFiles/sprinter.elf.dir/StdPeriph_Driver/src/misc.c.obj
LOAD CMakeFiles/sprinter.elf.dir/StdPeriph_Driver/src/stm32f4xx_adc.c.obj
LOAD CMakeFiles/sprinter.elf.dir/StdPeriph_Driver/src/stm32f4xx_can.c.obj
LOAD CMakeFiles/sprinter.elf.dir/StdPeriph_Driver/src/stm32f4xx_cec.c.obj
LOAD CMakeFiles/sprinter.elf.dir/StdPeriph_Driver/src/stm32f4xx_crc.c.obj
LOAD CMakeFiles/sprinter.elf.dir/StdPeriph_Driver/src/stm32f4xx_cryp.c.obj
LOAD CMakeFiles/sprinter.elf.dir/StdPeriph_Driver/src/stm32f4xx_cryp_aes.c.obj
LOAD CMakeFiles/sprinter.elf.dir/StdPeriph_Driver/src/stm32f4xx_cryp_des.c.obj
LOAD CMakeFiles/sprinter.elf.dir/StdPeriph_Driver/src/stm32f4xx_cryp_tdes.c.obj
LOAD CMakeFiles/sprinter.elf.dir/StdPeriph_Driver/src/stm32f4xx_dac.c.obj
LOAD CMakeFiles/sprinter.elf.dir/StdPeriph_Driver/src/stm32f4xx_dbgmcu.c.obj
LOAD CMakeFiles/sprinter.elf.dir/StdPeriph_Driver/src/stm32f4xx_dcmi.c.obj
LOAD CMakeFiles/sprinter.elf.dir/StdPeriph_Driver/src/stm32f4xx_dfsdm.c.obj
LOAD CMakeFiles/sprinter.elf.dir/StdPeriph_Driver/src/stm32f4xx_dma.c.obj
LOAD CMakeFiles/sprinter.elf.dir/StdPeriph_Driver/src/stm32f4xx_dma2d.c.obj
LOAD CMakeFiles/sprinter.elf.dir/StdPeriph_Driver/src/stm32f4xx_dsi.c.obj
LOAD CMakeFiles/sprinter.elf.dir/StdPeriph_Driver/src/stm32f4xx_exti.c.obj
LOAD CMakeFiles/sprinter.elf.dir/StdPeriph_Driver/src/stm32f4xx_flash.c.obj
LOAD CMakeFiles/sprinter.elf.dir/StdPeriph_Driver/src/stm32f4xx_flash_ramfunc.c.obj
LOAD CMakeFiles/sprinter.elf.dir/StdPeriph_Driver/src/stm32f4xx_fmc.c.obj
LOAD CMakeFiles/sprinter.elf.dir/StdPeriph_Driver/src/stm32f4xx_fmip2c.c.obj
LOAD CMakeFiles/sprinter.elf.dir/StdPeriph_Driver/src/stm32f4xx_fsmc.c.obj
LOAD CMakeFiles/sprinter.elf.dir/StdPeriph_Driver/src/stm32f4xx_gpio.c.obj
LOAD CMakeFiles/sprinter.elf.dir/StdPeriph_Driver/src/stm32f4xx_hash.c.obj
LOAD CMakeFiles/sprinter.elf.dir/StdPeriph_Driver/src/stm32f4xx_hash_md5.c.obj
LOAD CMakeFiles/sprinter.elf.dir/StdPeriph_Driver/src/stm32f4xx_hash_sha1.c.obj
LOAD CMakeFiles/sprinter.elf.dir/StdPeriph_Driver/src/stm32f4xx_i2c.c.obj
LOAD CMakeFiles/sprinter.elf.dir/StdPeriph_Driver/src/stm32f4xx_iwdg.c.obj
LOAD CMakeFiles/sprinter.elf.dir/StdPeriph_Driver/src/stm32f4xx_lptim.c.obj
LOAD CMakeFiles/sprinter.elf.dir/StdPeriph_Driver/src/stm32f4xx_ltdc.c.obj
LOAD CMakeFiles/sprinter.elf.dir/StdPeriph_Driver/src/stm32f4xx_pwr.c.obj
LOAD CMakeFiles/sprinter.elf.dir/StdPeriph_Driver/src/stm32f4xx_qspi.c.obj
LOAD CMakeFiles/sprinter.elf.dir/StdPeriph_Driver/src/stm32f4xx_rcc.c.obj
LOAD CMakeFiles/sprinter.elf.dir/StdPeriph_Driver/src/stm32f4xx_rng.c.obj
LOAD CMakeFiles/sprinter.elf.dir/StdPeriph_Driver/src/stm32f4xx_rtc.c.obj
LOAD CMakeFiles/sprinter.elf.dir/StdPeriph_Driver/src/stm32f4xx_sai.c.obj
LOAD CMakeFiles/sprinter.elf.dir/StdPeriph_Driver/src/stm32f4xx_sdio.c.obj
LOAD CMakeFiles/sprinter.elf.dir/StdPeriph_Driver/src/stm32f4xx_spdifrx.c.obj
LOAD CMakeFiles/sprinter.elf.dir/StdPeriph_Driver/src/stm32f4xx_spi.c.obj
LOAD CMakeFiles/sprinter.elf.dir/StdPeriph_Driver/src/stm32f4xx_syscfg.c.obj
LOAD CMakeFiles/sprinter.elf.dir/StdPeriph_Driver/src/stm32f4xx_tim.c.obj
LOAD CMakeFiles/sprinter.elf.dir/StdPeriph_Driver/src/stm32f4xx_usart.c.obj
LOAD CMakeFiles/sprinter.elf.dir/StdPeriph_Driver/src/stm32f4xx_wwdg.c.obj
LOAD CMakeFiles/sprinter.elf.dir/src/Application.cpp.obj
LOAD CMakeFiles/sprinter.elf.dir/src/Container/Queue.cpp.obj
LOAD CMakeFiles/sprinter.elf.dir/src/Container/Stack.cpp.obj
LOAD CMakeFiles/sprinter.elf.dir/src/Device/Suntracker.cpp.obj
LOAD CMakeFiles/sprinter.elf.dir/src/Localisation/Coordinates.cpp.obj
LOAD CMakeFiles/sprinter.elf.dir/src/Periph/Adc.cpp.obj
LOAD CMakeFiles/sprinter.elf.dir/src/Periph/DigitalOutputPin.cpp.obj
LOAD CMakeFiles/sprinter.elf.dir/src/Periph/Encoder.cpp.obj
LOAD CMakeFiles/sprinter.elf.dir/src/Periph/Engine.cpp.obj
LOAD CMakeFiles/sprinter.elf.dir/src/Periph/EngineGroup.cpp.obj
LOAD CMakeFiles/sprinter.elf.dir/src/Periph/I2C.cpp.obj
LOAD CMakeFiles/sprinter.elf.dir/src/Periph/Led.cpp.obj
LOAD CMakeFiles/sprinter.elf.dir/src/Periph/Pwm.cpp.obj
LOAD CMakeFiles/sprinter.elf.dir/src/Periph/Servo.cpp.obj
LOAD CMakeFiles/sprinter.elf.dir/src/Periph/Stepper.cpp.obj
LOAD CMakeFiles/sprinter.elf.dir/src/Periph/SysTickCounter.cpp.obj
LOAD CMakeFiles/sprinter.elf.dir/src/Periph/Usart.cpp.obj
LOAD CMakeFiles/sprinter.elf.dir/src/Util/Communication.cpp.obj
LOAD CMakeFiles/sprinter.elf.dir/src/Util/Control.cpp.obj
LOAD CMakeFiles/sprinter.elf.dir/src/Util/Logger.cpp.obj
LOAD CMakeFiles/sprinter.elf.dir/src/Util/Odometry.cpp.obj
LOAD CMakeFiles/sprinter.elf.dir/src/Util/Packet.cpp.obj
LOAD CMakeFiles/sprinter.elf.dir/src/Util/Pid.cpp.obj
LOAD CMakeFiles/sprinter.elf.dir/src/Util/Timer.cpp.obj
LOAD CMakeFiles/sprinter.elf.dir/src/Util/Tool.cpp.obj
LOAD CMakeFiles/sprinter.elf.dir/src/Util/Trace.cpp.obj
LOAD CMakeFiles/sprinter.elf.dir/src/main.cpp.obj
LOAD CMakeFiles/sprinter.elf.dir/src/syscalls.c.obj
LOAD CMakeFiles/sprinter.elf.dir/src/system_stm32f4xx.c.obj
LOAD CMakeFiles/sprinter.elf.dir/startup/startup_stm32.s.obj
LOAD /usr/lib/gcc/arm-none-eabi/9.2.0/../../../../arm-none-eabi/lib/thumb/v7e-m/nofp/libstdc++_nano.a
LOAD /usr/lib/gcc/arm-none-eabi/9.2.0/../../../../arm-none-eabi/lib/thumb/v7e-m/nofp/libm.a
START GROUP
LOAD /usr/lib/gcc/arm-none-eabi/9.2.0/thumb/v7e-m/nofp/libgcc.a
LOAD /usr/lib/gcc/arm-none-eabi/9.2.0/../../../../arm-none-eabi/lib/thumb/v7e-m/nofp/libg_nano.a
LOAD /usr/lib/gcc/arm-none-eabi/9.2.0/../../../../arm-none-eabi/lib/thumb/v7e-m/nofp/libc_nano.a
END GROUP
START GROUP
LOAD /usr/lib/gcc/arm-none-eabi/9.2.0/thumb/v7e-m/nofp/libgcc.a
LOAD /usr/lib/gcc/arm-none-eabi/9.2.0/../../../../arm-none-eabi/lib/thumb/v7e-m/nofp/libc_nano.a
LOAD /usr/lib/gcc/arm-none-eabi/9.2.0/../../../../arm-none-eabi/lib/thumb/v7e-m/nofp/libnosys.a
END GROUP
START GROUP
LOAD /usr/lib/gcc/arm-none-eabi/9.2.0/thumb/v7e-m/nofp/libgcc.a
LOAD /usr/lib/gcc/arm-none-eabi/9.2.0/../../../../arm-none-eabi/lib/thumb/v7e-m/nofp/libc_nano.a
LOAD /usr/lib/gcc/arm-none-eabi/9.2.0/../../../../arm-none-eabi/lib/thumb/v7e-m/nofp/libnosys.a
END GROUP
LOAD /usr/lib/gcc/arm-none-eabi/9.2.0/thumb/v7e-m/nofp/crtend.o
LOAD /usr/lib/gcc/arm-none-eabi/9.2.0/thumb/v7e-m/nofp/crtn.o
                0x0000000020020000                _estack = 0x20020000
                0x0000000000000000                _Min_Heap_Size = 0x0
                0x0000000000000400                _Min_Stack_Size = 0x400

.isr_vector     0x0000000008000000      0x1a8
                0x0000000008000000                . = ALIGN (0x4)
 *(.isr_vector)
 .isr_vector    0x0000000008000000      0x1a8 CMakeFiles/sprinter.elf.dir/startup/startup_stm32.s.obj
                0x0000000008000000                g_pfnVectors
                0x00000000080001a8                . = ALIGN (0x4)

.text           0x00000000080001b0     0xa6ec
                0x00000000080001b0                . = ALIGN (0x4)
 *(.text)
 .text          0x00000000080001b0      0x378 /usr/lib/gcc/arm-none-eabi/9.2.0/thumb/v7e-m/nofp/libgcc.a(_arm_addsubdf3.o)
                0x00000000080001b0                __aeabi_drsub
                0x00000000080001b8                __aeabi_dsub
                0x00000000080001b8                __subdf3
                0x00000000080001bc                __adddf3
                0x00000000080001bc                __aeabi_dadd
                0x0000000008000434                __aeabi_ui2d
                0x0000000008000434                __floatunsidf
                0x0000000008000454                __floatsidf
                0x0000000008000454                __aeabi_i2d
                0x0000000008000478                __extendsfdf2
                0x0000000008000478                __aeabi_f2d
                0x00000000080004bc                __aeabi_ul2d
                0x00000000080004bc                __floatundidf
                0x00000000080004cc                __floatdidf
                0x00000000080004cc                __aeabi_l2d
 .text          0x0000000008000528      0x424 /usr/lib/gcc/arm-none-eabi/9.2.0/thumb/v7e-m/nofp/libgcc.a(_arm_muldivdf3.o)
                0x0000000008000528                __aeabi_dmul
                0x0000000008000528                __muldf3
                0x000000000800077c                __aeabi_ddiv
                0x000000000800077c                __divdf3
 .text          0x000000000800094c       0x40 /usr/lib/gcc/arm-none-eabi/9.2.0/thumb/v7e-m/nofp/libgcc.a(_arm_fixunsdfsi.o)
                0x000000000800094c                __fixunsdfsi
                0x000000000800094c                __aeabi_d2uiz
 .text          0x000000000800098c       0xa0 /usr/lib/gcc/arm-none-eabi/9.2.0/thumb/v7e-m/nofp/libgcc.a(_arm_truncdfsf2.o)
                0x000000000800098c                __aeabi_d2f
                0x000000000800098c                __truncdfsf2
 .text          0x0000000008000a2c      0x21c /usr/lib/gcc/arm-none-eabi/9.2.0/thumb/v7e-m/nofp/libgcc.a(_arm_addsubsf3.o)
                0x0000000008000a2c                __aeabi_frsub
                0x0000000008000a34                __subsf3
                0x0000000008000a34                __aeabi_fsub
                0x0000000008000a38                __aeabi_fadd
                0x0000000008000a38                __addsf3
                0x0000000008000b98                __aeabi_ui2f
                0x0000000008000b98                __floatunsisf
                0x0000000008000ba0                __aeabi_i2f
                0x0000000008000ba0                __floatsisf
                0x0000000008000bbc                __floatundisf
                0x0000000008000bbc                __aeabi_ul2f
                0x0000000008000bcc                __floatdisf
                0x0000000008000bcc                __aeabi_l2f
 .text          0x0000000008000c48      0x2a0 /usr/lib/gcc/arm-none-eabi/9.2.0/thumb/v7e-m/nofp/libgcc.a(_arm_muldivsf3.o)
                0x0000000008000c48                __mulsf3
                0x0000000008000c48                __aeabi_fmul
                0x0000000008000db0                __divsf3
                0x0000000008000db0                __aeabi_fdiv
 .text          0x0000000008000ee8       0xec /usr/lib/gcc/arm-none-eabi/9.2.0/thumb/v7e-m/nofp/libgcc.a(_arm_cmpsf2.o)
                0x0000000008000ee8                __gtsf2
                0x0000000008000ee8                __gesf2
                0x0000000008000ef0                __lesf2
                0x0000000008000ef0                __ltsf2
                0x0000000008000ef8                __nesf2
                0x0000000008000ef8                __eqsf2
                0x0000000008000ef8                __cmpsf2
                0x0000000008000f58                __aeabi_cfrcmple
                0x0000000008000f60                __aeabi_cfcmple
                0x0000000008000f60                __aeabi_cfcmpeq
                0x0000000008000f70                __aeabi_fcmpeq
                0x0000000008000f84                __aeabi_fcmplt
                0x0000000008000f98                __aeabi_fcmple
                0x0000000008000fac                __aeabi_fcmpge
                0x0000000008000fc0                __aeabi_fcmpgt
 .text          0x0000000008000fd4       0x4c /usr/lib/gcc/arm-none-eabi/9.2.0/thumb/v7e-m/nofp/libgcc.a(_arm_fixsfsi.o)
                0x0000000008000fd4                __fixsfsi
                0x0000000008000fd4                __aeabi_f2iz
 .text          0x0000000008001020       0xa0 /usr/lib/gcc/arm-none-eabi/9.2.0/thumb/v7e-m/nofp/libgcc.a(_aeabi_ldivmod.o)
                0x0000000008001020                __aeabi_ldivmod
 .text          0x00000000080010c0      0x1ac /usr/lib/gcc/arm-none-eabi/9.2.0/thumb/v7e-m/nofp/libgcc.a(libunwind.o)
                0x00000000080010c0                __restore_core_regs
                0x00000000080010c0                restore_core_regs
                0x00000000080010d8                __gnu_Unwind_Restore_VFP
                0x00000000080010e0                __gnu_Unwind_Save_VFP
                0x00000000080010e8                __gnu_Unwind_Restore_VFP_D
                0x00000000080010f0                __gnu_Unwind_Save_VFP_D
                0x00000000080010f8                __gnu_Unwind_Restore_VFP_D_16_to_31
                0x0000000008001100                __gnu_Unwind_Save_VFP_D_16_to_31
                0x0000000008001108                __gnu_Unwind_Restore_WMMXD
                0x000000000800114c                __gnu_Unwind_Save_WMMXD
                0x0000000008001190                __gnu_Unwind_Restore_WMMXC
                0x00000000080011a4                __gnu_Unwind_Save_WMMXC
                0x00000000080011b8                ___Unwind_RaiseException
                0x00000000080011b8                _Unwind_RaiseException
                0x00000000080011dc                ___Unwind_Resume
                0x00000000080011dc                _Unwind_Resume
                0x0000000008001200                _Unwind_Resume_or_Rethrow
                0x0000000008001200                ___Unwind_Resume_or_Rethrow
                0x0000000008001224                ___Unwind_ForcedUnwind
                0x0000000008001224                _Unwind_ForcedUnwind
                0x0000000008001248                _Unwind_Backtrace
                0x0000000008001248                ___Unwind_Backtrace
 .text          0x000000000800126c        0x4 /usr/lib/gcc/arm-none-eabi/9.2.0/thumb/v7e-m/nofp/libgcc.a(_dvmd_tls.o)
                0x000000000800126c                __aeabi_ldiv0
                0x000000000800126c                __aeabi_idiv0
 .text          0x0000000008001270       0x14 /usr/lib/gcc/arm-none-eabi/9.2.0/../../../../arm-none-eabi/lib/thumb/v7e-m/nofp/libg_nano.a(lib_a-strcmp.o)
                0x0000000008001270                strcmp
 .text          0x0000000008001284       0x10 /usr/lib/gcc/arm-none-eabi/9.2.0/../../../../arm-none-eabi/lib/thumb/v7e-m/nofp/libg_nano.a(lib_a-strlen.o)
                0x0000000008001284                strlen
 *fill*         0x0000000008001294        0xc 
 .text          0x00000000080012a0       0xa0 /usr/lib/gcc/arm-none-eabi/9.2.0/../../../../arm-none-eabi/lib/thumb/v7e-m/nofp/libg_nano.a(lib_a-memchr.o)
                0x00000000080012a0                memchr
 *(.text*)
 .text.__do_global_dtors_aux
                0x0000000008001340       0x24 /usr/lib/gcc/arm-none-eabi/9.2.0/thumb/v7e-m/nofp/crtbegin.o
 .text.frame_dummy
                0x0000000008001364       0x1c /usr/lib/gcc/arm-none-eabi/9.2.0/thumb/v7e-m/nofp/crtbegin.o
 .text.NVIC_PriorityGroupConfig
                0x0000000008001380       0x24 CMakeFiles/sprinter.elf.dir/StdPeriph_Driver/src/misc.c.obj
                0x0000000008001380                NVIC_PriorityGroupConfig
 .text.NVIC_Init
                0x00000000080013a4       0xc4 CMakeFiles/sprinter.elf.dir/StdPeriph_Driver/src/misc.c.obj
                0x00000000080013a4                NVIC_Init
 .text.ADC_Init
                0x0000000008001468       0xa8 CMakeFiles/sprinter.elf.dir/StdPeriph_Driver/src/stm32f4xx_adc.c.obj
                0x0000000008001468                ADC_Init
 .text.ADC_Cmd  0x0000000008001510       0x36 CMakeFiles/sprinter.elf.dir/StdPeriph_Driver/src/stm32f4xx_adc.c.obj
                0x0000000008001510                ADC_Cmd
 .text.ADC_RegularChannelConfig
                0x0000000008001546      0x192 CMakeFiles/sprinter.elf.dir/StdPeriph_Driver/src/stm32f4xx_adc.c.obj
                0x0000000008001546                ADC_RegularChannelConfig
 .text.ADC_SoftwareStartConv
                0x00000000080016d8       0x1e CMakeFiles/sprinter.elf.dir/StdPeriph_Driver/src/stm32f4xx_adc.c.obj
                0x00000000080016d8                ADC_SoftwareStartConv
 .text.ADC_GetConversionValue
                0x00000000080016f6       0x18 CMakeFiles/sprinter.elf.dir/StdPeriph_Driver/src/stm32f4xx_adc.c.obj
                0x00000000080016f6                ADC_GetConversionValue
 .text.ADC_GetFlagStatus
                0x000000000800170e       0x32 CMakeFiles/sprinter.elf.dir/StdPeriph_Driver/src/stm32f4xx_adc.c.obj
                0x000000000800170e                ADC_GetFlagStatus
 .text.ADC_ClearFlag
                0x0000000008001740       0x1e CMakeFiles/sprinter.elf.dir/StdPeriph_Driver/src/stm32f4xx_adc.c.obj
                0x0000000008001740                ADC_ClearFlag
 *fill*         0x000000000800175e        0x2 
 .text.EXTI_Init
                0x0000000008001760       0xe4 CMakeFiles/sprinter.elf.dir/StdPeriph_Driver/src/stm32f4xx_exti.c.obj
                0x0000000008001760                EXTI_Init
 .text.EXTI_GetITStatus
                0x0000000008001844       0x34 CMakeFiles/sprinter.elf.dir/StdPeriph_Driver/src/stm32f4xx_exti.c.obj
                0x0000000008001844                EXTI_GetITStatus
 .text.EXTI_ClearITPendingBit
                0x0000000008001878       0x1c CMakeFiles/sprinter.elf.dir/StdPeriph_Driver/src/stm32f4xx_exti.c.obj
                0x0000000008001878                EXTI_ClearITPendingBit
 .text.GPIO_Init
                0x0000000008001894      0x11c CMakeFiles/sprinter.elf.dir/StdPeriph_Driver/src/stm32f4xx_gpio.c.obj
                0x0000000008001894                GPIO_Init
 .text.GPIO_StructInit
                0x00000000080019b0       0x32 CMakeFiles/sprinter.elf.dir/StdPeriph_Driver/src/stm32f4xx_gpio.c.obj
                0x00000000080019b0                GPIO_StructInit
 .text.GPIO_ReadInputDataBit
                0x00000000080019e2       0x32 CMakeFiles/sprinter.elf.dir/StdPeriph_Driver/src/stm32f4xx_gpio.c.obj
                0x00000000080019e2                GPIO_ReadInputDataBit
 .text.GPIO_ReadOutputDataBit
                0x0000000008001a14       0x32 CMakeFiles/sprinter.elf.dir/StdPeriph_Driver/src/stm32f4xx_gpio.c.obj
                0x0000000008001a14                GPIO_ReadOutputDataBit
 .text.GPIO_SetBits
                0x0000000008001a46       0x1c CMakeFiles/sprinter.elf.dir/StdPeriph_Driver/src/stm32f4xx_gpio.c.obj
                0x0000000008001a46                GPIO_SetBits
 .text.GPIO_ResetBits
                0x0000000008001a62       0x1c CMakeFiles/sprinter.elf.dir/StdPeriph_Driver/src/stm32f4xx_gpio.c.obj
                0x0000000008001a62                GPIO_ResetBits
 .text.GPIO_ToggleBits
                0x0000000008001a7e       0x22 CMakeFiles/sprinter.elf.dir/StdPeriph_Driver/src/stm32f4xx_gpio.c.obj
                0x0000000008001a7e                GPIO_ToggleBits
 .text.GPIO_PinAFConfig
                0x0000000008001aa0       0x90 CMakeFiles/sprinter.elf.dir/StdPeriph_Driver/src/stm32f4xx_gpio.c.obj
                0x0000000008001aa0                GPIO_PinAFConfig
 .text.I2C_Init
                0x0000000008001b30      0x1a0 CMakeFiles/sprinter.elf.dir/StdPeriph_Driver/src/stm32f4xx_i2c.c.obj
                0x0000000008001b30                I2C_Init
 .text.I2C_Cmd  0x0000000008001cd0       0x3e CMakeFiles/sprinter.elf.dir/StdPeriph_Driver/src/stm32f4xx_i2c.c.obj
                0x0000000008001cd0                I2C_Cmd
 *fill*         0x0000000008001d0e        0x2 
 .text.RCC_GetClocksFreq
                0x0000000008001d10      0x1f4 CMakeFiles/sprinter.elf.dir/StdPeriph_Driver/src/stm32f4xx_rcc.c.obj
                0x0000000008001d10                RCC_GetClocksFreq
 .text.RCC_AHB1PeriphClockCmd
                0x0000000008001f04       0x3c CMakeFiles/sprinter.elf.dir/StdPeriph_Driver/src/stm32f4xx_rcc.c.obj
                0x0000000008001f04                RCC_AHB1PeriphClockCmd
 .text.RCC_APB1PeriphClockCmd
                0x0000000008001f40       0x3c CMakeFiles/sprinter.elf.dir/StdPeriph_Driver/src/stm32f4xx_rcc.c.obj
                0x0000000008001f40                RCC_APB1PeriphClockCmd
 .text.RCC_APB2PeriphClockCmd
                0x0000000008001f7c       0x3c CMakeFiles/sprinter.elf.dir/StdPeriph_Driver/src/stm32f4xx_rcc.c.obj
                0x0000000008001f7c                RCC_APB2PeriphClockCmd
 .text.RCC_APB1PeriphResetCmd
                0x0000000008001fb8       0x3c CMakeFiles/sprinter.elf.dir/StdPeriph_Driver/src/stm32f4xx_rcc.c.obj
                0x0000000008001fb8                RCC_APB1PeriphResetCmd
 .text.SYSCFG_EXTILineConfig
                0x0000000008001ff4       0x80 CMakeFiles/sprinter.elf.dir/StdPeriph_Driver/src/stm32f4xx_syscfg.c.obj
                0x0000000008001ff4                SYSCFG_EXTILineConfig
 .text.TIM_TimeBaseInit
                0x0000000008002074       0xd4 CMakeFiles/sprinter.elf.dir/StdPeriph_Driver/src/stm32f4xx_tim.c.obj
                0x0000000008002074                TIM_TimeBaseInit
 .text.TIM_TimeBaseStructInit
                0x0000000008002148       0x32 CMakeFiles/sprinter.elf.dir/StdPeriph_Driver/src/stm32f4xx_tim.c.obj
                0x0000000008002148                TIM_TimeBaseStructInit
 .text.TIM_Cmd  0x000000000800217a       0x3e CMakeFiles/sprinter.elf.dir/StdPeriph_Driver/src/stm32f4xx_tim.c.obj
                0x000000000800217a                TIM_Cmd
 .text.TIM_OC1Init
                0x00000000080021b8       0xf4 CMakeFiles/sprinter.elf.dir/StdPeriph_Driver/src/stm32f4xx_tim.c.obj
                0x00000000080021b8                TIM_OC1Init
 .text.TIM_OC2Init
                0x00000000080022ac      0x110 CMakeFiles/sprinter.elf.dir/StdPeriph_Driver/src/stm32f4xx_tim.c.obj
                0x00000000080022ac                TIM_OC2Init
 .text.TIM_OC3Init
                0x00000000080023bc      0x10c CMakeFiles/sprinter.elf.dir/StdPeriph_Driver/src/stm32f4xx_tim.c.obj
                0x00000000080023bc                TIM_OC3Init
 .text.TIM_OC4Init
                0x00000000080024c8       0xcc CMakeFiles/sprinter.elf.dir/StdPeriph_Driver/src/stm32f4xx_tim.c.obj
                0x00000000080024c8                TIM_OC4Init
 .text.TIM_OCStructInit
                0x0000000008002594       0x42 CMakeFiles/sprinter.elf.dir/StdPeriph_Driver/src/stm32f4xx_tim.c.obj
                0x0000000008002594                TIM_OCStructInit
 .text.TIM_CtrlPWMOutputs
                0x00000000080025d6       0x4a CMakeFiles/sprinter.elf.dir/StdPeriph_Driver/src/stm32f4xx_tim.c.obj
                0x00000000080025d6                TIM_CtrlPWMOutputs
 .text.USART_Init
                0x0000000008002620      0x190 CMakeFiles/sprinter.elf.dir/StdPeriph_Driver/src/stm32f4xx_usart.c.obj
                0x0000000008002620                USART_Init
 .text.USART_Cmd
                0x00000000080027b0       0x3e CMakeFiles/sprinter.elf.dir/StdPeriph_Driver/src/stm32f4xx_usart.c.obj
                0x00000000080027b0                USART_Cmd
 .text.USART_SendData
                0x00000000080027ee       0x22 CMakeFiles/sprinter.elf.dir/StdPeriph_Driver/src/stm32f4xx_usart.c.obj
                0x00000000080027ee                USART_SendData
 .text.USART_ReceiveData
                0x0000000008002810       0x1e CMakeFiles/sprinter.elf.dir/StdPeriph_Driver/src/stm32f4xx_usart.c.obj
                0x0000000008002810                USART_ReceiveData
 .text.USART_ITConfig
                0x000000000800282e       0x8e CMakeFiles/sprinter.elf.dir/StdPeriph_Driver/src/stm32f4xx_usart.c.obj
                0x000000000800282e                USART_ITConfig
 .text.USART_GetITStatus
                0x00000000080028bc       0xb4 CMakeFiles/sprinter.elf.dir/StdPeriph_Driver/src/stm32f4xx_usart.c.obj
                0x00000000080028bc                USART_GetITStatus
 .text._ZN4Util4TimeC2Ex
                0x0000000008002970       0x22 CMakeFiles/sprinter.elf.dir/src/Application.cpp.obj
                0x0000000008002970                Util::Time::Time(long long)
                0x0000000008002970                Util::Time::Time(long long)
 .text._ZN4Util4Time16FromMicroSecondsEx
                0x0000000008002992       0x1e CMakeFiles/sprinter.elf.dir/src/Application.cpp.obj
                0x0000000008002992                Util::Time::FromMicroSeconds(long long)
 .text._ZN4Util4Time16FromMilliSecondsEx
                0x00000000080029b0       0x88 CMakeFiles/sprinter.elf.dir/src/Application.cpp.obj
                0x00000000080029b0                Util::Time::FromMilliSeconds(long long)
 .text._ZN11Application24ApplicationInitializatorC2EPS_
                0x0000000008002a38       0x28 CMakeFiles/sprinter.elf.dir/src/Application.cpp.obj
                0x0000000008002a38                Application::ApplicationInitializator::ApplicationInitializator(Application*)
                0x0000000008002a38                Application::ApplicationInitializator::ApplicationInitializator(Application*)
 .text._ZN11ApplicationC2Ev
                0x0000000008002a60       0x7e CMakeFiles/sprinter.elf.dir/src/Application.cpp.obj
                0x0000000008002a60                Application::Application()
                0x0000000008002a60                Application::Application()
 *fill*         0x0000000008002ade        0x2 
 .text._ZN11Application3runEv
                0x0000000008002ae0      0x10c CMakeFiles/sprinter.elf.dir/src/Application.cpp.obj
                0x0000000008002ae0                Application::run()
 .text._ZN11Application8instanceEv
                0x0000000008002bec       0x14 CMakeFiles/sprinter.elf.dir/src/Application.cpp.obj
                0x0000000008002bec                Application::instance()
 .text._ZN9Container12WrapperQueueIVhEC2EPS1_m
                0x0000000008002c00       0x30 CMakeFiles/sprinter.elf.dir/src/Container/Queue.cpp.obj
                0x0000000008002c00                Container::WrapperQueue<unsigned char volatile>::WrapperQueue(unsigned char volatile*, unsigned long)
                0x0000000008002c00                Container::WrapperQueue<unsigned char volatile>::WrapperQueue(unsigned char volatile*, unsigned long)
 .text._ZN9Container12WrapperQueueIVhE7enqueueEh
                0x0000000008002c30       0x66 CMakeFiles/sprinter.elf.dir/src/Container/Queue.cpp.obj
                0x0000000008002c30                Container::WrapperQueue<unsigned char volatile>::enqueue(unsigned char)
 *fill*         0x0000000008002c96        0x2 
 .text._ZN9Container12WrapperQueueIVhE7dequeueEv
                0x0000000008002c98       0x98 CMakeFiles/sprinter.elf.dir/src/Container/Queue.cpp.obj
                0x0000000008002c98                Container::WrapperQueue<unsigned char volatile>::dequeue()
 .text._ZNK9Container12WrapperQueueIVhE4sizeEv
                0x0000000008002d30       0x3a CMakeFiles/sprinter.elf.dir/src/Container/Queue.cpp.obj
                0x0000000008002d30                Container::WrapperQueue<unsigned char volatile>::size() const
 .text._ZNK9Container12WrapperQueueIVhE7isEmptyEv
                0x0000000008002d6a       0x24 CMakeFiles/sprinter.elf.dir/src/Container/Queue.cpp.obj
                0x0000000008002d6a                Container::WrapperQueue<unsigned char volatile>::isEmpty() const
 .text._ZN9Container15OperationResultIVhEC2Ev
                0x0000000008002d8e       0x1a CMakeFiles/sprinter.elf.dir/src/Container/Queue.cpp.obj
                0x0000000008002d8e                Container::OperationResult<unsigned char volatile>::OperationResult()
                0x0000000008002d8e                Container::OperationResult<unsigned char volatile>::OperationResult()
 .text._ZN9Container15OperationResultIVhEC2Eh
                0x0000000008002da8       0x26 CMakeFiles/sprinter.elf.dir/src/Container/Queue.cpp.obj
                0x0000000008002da8                Container::OperationResult<unsigned char volatile>::OperationResult(unsigned char)
                0x0000000008002da8                Container::OperationResult<unsigned char volatile>::OperationResult(unsigned char)
 *fill*         0x0000000008002dce        0x2 
 .text._ZN6Device10SuntrackerC2Ev
                0x0000000008002dd0       0xd8 CMakeFiles/sprinter.elf.dir/src/Device/Suntracker.cpp.obj
                0x0000000008002dd0                Device::Suntracker::Suntracker()
                0x0000000008002dd0                Device::Suntracker::Suntracker()
 .text._ZN6Device10Suntracker7measureEv
                0x0000000008002ea8       0x70 CMakeFiles/sprinter.elf.dir/src/Device/Suntracker.cpp.obj
                0x0000000008002ea8                Device::Suntracker::measure()
 .text._ZN6DeviceL16findMaxIntensityEv
                0x0000000008002f18       0x48 CMakeFiles/sprinter.elf.dir/src/Device/Suntracker.cpp.obj
 .text._ZN6Device10Suntracker6updateEv
                0x0000000008002f60      0x148 CMakeFiles/sprinter.elf.dir/src/Device/Suntracker.cpp.obj
                0x0000000008002f60                Device::Suntracker::update()
 .text._ZN12Localisation11Coordinates3addES0_
                0x00000000080030a8       0x84 CMakeFiles/sprinter.elf.dir/src/Localisation/Coordinates.cpp.obj
                0x00000000080030a8                Localisation::Coordinates::add(Localisation::Coordinates)
 .text._ZN6Periph3AdcC2ENS_7AdcPins4EnumE
                0x000000000800312c       0x2e CMakeFiles/sprinter.elf.dir/src/Periph/Adc.cpp.obj
                0x000000000800312c                Periph::Adc::Adc(Periph::AdcPins::Enum)
                0x000000000800312c                Periph::Adc::Adc(Periph::AdcPins::Enum)
 *fill*         0x000000000800315a        0x2 
 .text._ZN6Periph3Adc8initGpioEv
                0x000000000800315c       0x7c CMakeFiles/sprinter.elf.dir/src/Periph/Adc.cpp.obj
                0x000000000800315c                Periph::Adc::initGpio()
 .text._ZN6Periph3Adc7initRCCEv
                0x00000000080031d8      0x234 CMakeFiles/sprinter.elf.dir/src/Periph/Adc.cpp.obj
                0x00000000080031d8                Periph::Adc::initRCC()
 .text._ZN6Periph3Adc7initAdcEv
                0x000000000800340c       0x88 CMakeFiles/sprinter.elf.dir/src/Periph/Adc.cpp.obj
                0x000000000800340c                Periph::Adc::initAdc()
 .text._ZN6Periph3Adc4readEv
                0x0000000008003494       0xd0 CMakeFiles/sprinter.elf.dir/src/Periph/Adc.cpp.obj
                0x0000000008003494                Periph::Adc::read()
 .text._ZN6Periph16DigitalOutputPin8initGpioEv
                0x0000000008003564      0x13c CMakeFiles/sprinter.elf.dir/src/Periph/DigitalOutputPin.cpp.obj
                0x0000000008003564                Periph::DigitalOutputPin::initGpio()
 .text._ZN6Periph16DigitalOutputPinC2EP12GPIO_TypeDeft
                0x00000000080036a0       0x2a CMakeFiles/sprinter.elf.dir/src/Periph/DigitalOutputPin.cpp.obj
                0x00000000080036a0                Periph::DigitalOutputPin::DigitalOutputPin(GPIO_TypeDef*, unsigned short)
                0x00000000080036a0                Periph::DigitalOutputPin::DigitalOutputPin(GPIO_TypeDef*, unsigned short)
 .text._ZN6Periph16DigitalOutputPinD2Ev
                0x00000000080036ca       0x14 CMakeFiles/sprinter.elf.dir/src/Periph/DigitalOutputPin.cpp.obj
                0x00000000080036ca                Periph::DigitalOutputPin::~DigitalOutputPin()
                0x00000000080036ca                Periph::DigitalOutputPin::~DigitalOutputPin()
 .text._ZN6Periph16DigitalOutputPin6setPinEv
                0x00000000080036de       0x20 CMakeFiles/sprinter.elf.dir/src/Periph/DigitalOutputPin.cpp.obj
                0x00000000080036de                Periph::DigitalOutputPin::setPin()
 .text._ZN6Periph16DigitalOutputPin8resetPinEv
                0x00000000080036fe       0x20 CMakeFiles/sprinter.elf.dir/src/Periph/DigitalOutputPin.cpp.obj
                0x00000000080036fe                Periph::DigitalOutputPin::resetPin()
 .text._ZN6Periph16DigitalOutputPin8setPinToEb
                0x000000000800371e       0x28 CMakeFiles/sprinter.elf.dir/src/Periph/DigitalOutputPin.cpp.obj
                0x000000000800371e                Periph::DigitalOutputPin::setPinTo(bool)
 .text._ZN6Periph16DigitalOutputPin9togglePinEv
                0x0000000008003746       0x20 CMakeFiles/sprinter.elf.dir/src/Periph/DigitalOutputPin.cpp.obj
                0x0000000008003746                Periph::DigitalOutputPin::togglePin()
 .text._ZNK6Periph16DigitalOutputPin7readPinEv
                0x0000000008003766       0x2c CMakeFiles/sprinter.elf.dir/src/Periph/DigitalOutputPin.cpp.obj
                0x0000000008003766                Periph::DigitalOutputPin::readPin() const
 .text._ZN6Periph12kalmanArgs_tC2Ev
                0x0000000008003792       0x24 CMakeFiles/sprinter.elf.dir/src/Periph/Encoder.cpp.obj
                0x0000000008003792                Periph::kalmanArgs_t::kalmanArgs_t()
                0x0000000008003792                Periph::kalmanArgs_t::kalmanArgs_t()
 .text._ZN6Periph13encoderArgs_tC2Ev
                0x00000000080037b6       0x1c CMakeFiles/sprinter.elf.dir/src/Periph/Encoder.cpp.obj
                0x00000000080037b6                Periph::encoderArgs_t::encoderArgs_t()
                0x00000000080037b6                Periph::encoderArgs_t::encoderArgs_t()
 *fill*         0x00000000080037d2        0x2 
 .text._ZN6Periph7EncoderC2ENS_11EncoderPins4EnumE
                0x00000000080037d4       0x88 CMakeFiles/sprinter.elf.dir/src/Periph/Encoder.cpp.obj
                0x00000000080037d4                Periph::Encoder::Encoder(Periph::EncoderPins::Enum)
                0x00000000080037d4                Periph::Encoder::Encoder(Periph::EncoderPins::Enum)
 .text._ZN6Periph7Encoder8initGpioEv
                0x000000000800385c      0x2e0 CMakeFiles/sprinter.elf.dir/src/Periph/Encoder.cpp.obj
                0x000000000800385c                Periph::Encoder::initGpio()
 .text._ZN6Periph7Encoder8initExtiEv
                0x0000000008003b3c       0x5c CMakeFiles/sprinter.elf.dir/src/Periph/Encoder.cpp.obj
                0x0000000008003b3c                Periph::Encoder::initExti()
 .text._ZN6Periph7Encoder8initNvicEv
                0x0000000008003b98       0x58 CMakeFiles/sprinter.elf.dir/src/Periph/Encoder.cpp.obj
                0x0000000008003b98                Periph::Encoder::initNvic()
 .text._ZN6Periph7Encoder10getCounterEv
                0x0000000008003bf0       0x2c CMakeFiles/sprinter.elf.dir/src/Periph/Encoder.cpp.obj
                0x0000000008003bf0                Periph::Encoder::getCounter()
 .text._ZN6Periph7Encoder9getPeriodEv
                0x0000000008003c1c       0x2c CMakeFiles/sprinter.elf.dir/src/Periph/Encoder.cpp.obj
                0x0000000008003c1c                Periph::Encoder::getPeriod()
 .text._ZN6Periph7Encoder22getAngularSpeedInScaleEv
                0x0000000008003c48       0x68 CMakeFiles/sprinter.elf.dir/src/Periph/Encoder.cpp.obj
                0x0000000008003c48                Periph::Encoder::getAngularSpeedInScale()
 .text._ZN6Periph7Encoder6updateEv
                0x0000000008003cb0       0x94 CMakeFiles/sprinter.elf.dir/src/Periph/Encoder.cpp.obj
                0x0000000008003cb0                Periph::Encoder::update()
 .text._ZN6Periph7Encoder5resetEv
                0x0000000008003d44       0x30 CMakeFiles/sprinter.elf.dir/src/Periph/Encoder.cpp.obj
                0x0000000008003d44                Periph::Encoder::reset()
 .text._ZN6Periph7Encoder11getDistanceEv
                0x0000000008003d74       0x38 CMakeFiles/sprinter.elf.dir/src/Periph/Encoder.cpp.obj
                0x0000000008003d74                Periph::Encoder::getDistance()
 .text.KalmanFilter
                0x0000000008003dac      0x110 CMakeFiles/sprinter.elf.dir/src/Periph/Encoder.cpp.obj
                0x0000000008003dac                KalmanFilter
 .text.EncoderHandler
                0x0000000008003ebc      0x170 CMakeFiles/sprinter.elf.dir/src/Periph/Encoder.cpp.obj
                0x0000000008003ebc                EncoderHandler
 .text.EXTI0_IRQHandler
                0x000000000800402c       0x2a CMakeFiles/sprinter.elf.dir/src/Periph/Encoder.cpp.obj
                0x000000000800402c                EXTI0_IRQHandler
 .text.EXTI1_IRQHandler
                0x0000000008004056       0x2a CMakeFiles/sprinter.elf.dir/src/Periph/Encoder.cpp.obj
                0x0000000008004056                EXTI1_IRQHandler
 .text.EXTI2_IRQHandler
                0x0000000008004080       0x2a CMakeFiles/sprinter.elf.dir/src/Periph/Encoder.cpp.obj
                0x0000000008004080                EXTI2_IRQHandler
 .text.EXTI3_IRQHandler
                0x00000000080040aa       0x2a CMakeFiles/sprinter.elf.dir/src/Periph/Encoder.cpp.obj
                0x00000000080040aa                EXTI3_IRQHandler
 .text.EXTI4_IRQHandler
                0x00000000080040d4       0x2a CMakeFiles/sprinter.elf.dir/src/Periph/Encoder.cpp.obj
                0x00000000080040d4                EXTI4_IRQHandler
 .text.EXTI9_5_IRQHandler
                0x00000000080040fe       0x2a CMakeFiles/sprinter.elf.dir/src/Periph/Encoder.cpp.obj
                0x00000000080040fe                EXTI9_5_IRQHandler
 .text._Z41__static_initialization_and_destruction_0ii
                0x0000000008004128       0x3c CMakeFiles/sprinter.elf.dir/src/Periph/Encoder.cpp.obj
 .text._GLOBAL__sub_I__ZN6Periph7EncoderC2ENS_11EncoderPins4EnumE
                0x0000000008004164       0x10 CMakeFiles/sprinter.elf.dir/src/Periph/Encoder.cpp.obj
 .text._ZN6PeriphL13enginesToPwmsENS_7Engines4EnumE
                0x0000000008004174       0x16 CMakeFiles/sprinter.elf.dir/src/Periph/Engine.cpp.obj
 .text._ZN6PeriphL14pinToDirectionEb
                0x000000000800418a       0x20 CMakeFiles/sprinter.elf.dir/src/Periph/Engine.cpp.obj
 .text._ZN6PeriphL14directionToPinENS_4Dirs4EnumE
                0x00000000080041aa       0x20 CMakeFiles/sprinter.elf.dir/src/Periph/Engine.cpp.obj
 *fill*         0x00000000080041ca        0x2 
 .text._ZN6Periph6EngineC2ENS_7Engines4EnumE
                0x00000000080041cc       0xc8 CMakeFiles/sprinter.elf.dir/src/Periph/Engine.cpp.obj
                0x00000000080041cc                Periph::Engine::Engine(Periph::Engines::Enum)
                0x00000000080041cc                Periph::Engine::Engine(Periph::Engines::Enum)
 .text._ZN6Periph6Engine14setTargetSpeedEh
                0x0000000008004294       0x28 CMakeFiles/sprinter.elf.dir/src/Periph/Engine.cpp.obj
                0x0000000008004294                Periph::Engine::setTargetSpeed(unsigned char)
 .text._ZN6Periph6Engine15setCurrentSpeedEh
                0x00000000080042bc       0x32 CMakeFiles/sprinter.elf.dir/src/Periph/Engine.cpp.obj
                0x00000000080042bc                Periph::Engine::setCurrentSpeed(unsigned char)
 *fill*         0x00000000080042ee        0x2 
 .text._ZN6Periph6Engine18setTargetDirectionENS_4Dirs4EnumE
                0x00000000080042f0       0x38 CMakeFiles/sprinter.elf.dir/src/Periph/Engine.cpp.obj
                0x00000000080042f0                Periph::Engine::setTargetDirection(Periph::Dirs::Enum)
 .text._ZN6Periph6Engine19setCurrentDirectionENS_4Dirs4EnumE
                0x0000000008004328       0x2a CMakeFiles/sprinter.elf.dir/src/Periph/Engine.cpp.obj
                0x0000000008004328                Periph::Engine::setCurrentDirection(Periph::Dirs::Enum)
 .text._ZNK6Periph6Engine19getCurrentDirectionEv
                0x0000000008004352       0x24 CMakeFiles/sprinter.elf.dir/src/Periph/Engine.cpp.obj
                0x0000000008004352                Periph::Engine::getCurrentDirection() const
 .text._ZN4Util5StateItEC2Et
                0x0000000008004376       0x1e CMakeFiles/sprinter.elf.dir/src/Periph/Engine.cpp.obj
                0x0000000008004376                Util::State<unsigned short>::State(unsigned short)
                0x0000000008004376                Util::State<unsigned short>::State(unsigned short)
 .text._ZN4Util5StateItE7setFlagEh
                0x0000000008004394       0x30 CMakeFiles/sprinter.elf.dir/src/Periph/Engine.cpp.obj
                0x0000000008004394                Util::State<unsigned short>::setFlag(unsigned char)
 .text._ZN4Util5StateItE9resetFlagEh
                0x00000000080043c4       0x34 CMakeFiles/sprinter.elf.dir/src/Periph/Engine.cpp.obj
                0x00000000080043c4                Util::State<unsigned short>::resetFlag(unsigned char)
 .text._ZNK4Util5StateItE4flagEh
                0x00000000080043f8       0x30 CMakeFiles/sprinter.elf.dir/src/Periph/Engine.cpp.obj
                0x00000000080043f8                Util::State<unsigned short>::flag(unsigned char) const
 .text._ZN4Util5StateItE9setFlagToEhb
                0x0000000008004428       0x34 CMakeFiles/sprinter.elf.dir/src/Periph/Engine.cpp.obj
                0x0000000008004428                Util::State<unsigned short>::setFlagTo(unsigned char, bool)
 .text._Z41__static_initialization_and_destruction_0ii
                0x000000000800445c       0x30 CMakeFiles/sprinter.elf.dir/src/Periph/Engine.cpp.obj
 .text._GLOBAL__sub_I__ZN6Periph13s_engineStateE
                0x000000000800448c       0x10 CMakeFiles/sprinter.elf.dir/src/Periph/Engine.cpp.obj
 .text._ZN6Periph3I2C7initRccEv
                0x000000000800449c       0x78 CMakeFiles/sprinter.elf.dir/src/Periph/I2C.cpp.obj
                0x000000000800449c                Periph::I2C::initRcc()
 .text._ZN6Periph3I2C8initGpioEv
                0x0000000008004514       0xe8 CMakeFiles/sprinter.elf.dir/src/Periph/I2C.cpp.obj
                0x0000000008004514                Periph::I2C::initGpio()
 .text._ZN6Periph3I2C7initI2CEv
                0x00000000080045fc       0x7c CMakeFiles/sprinter.elf.dir/src/Periph/I2C.cpp.obj
                0x00000000080045fc                Periph::I2C::initI2C()
 .text._ZN6Periph3I2CC2ENS_4I2Cs4EnumE
                0x0000000008004678       0x2e CMakeFiles/sprinter.elf.dir/src/Periph/I2C.cpp.obj
                0x0000000008004678                Periph::I2C::I2C(Periph::I2Cs::Enum)
                0x0000000008004678                Periph::I2C::I2C(Periph::I2Cs::Enum)
 *fill*         0x00000000080046a6        0x2 
 .text._ZN6Periph3LedC2ENS_4Leds4EnumE
                0x00000000080046a8       0x68 CMakeFiles/sprinter.elf.dir/src/Periph/Led.cpp.obj
                0x00000000080046a8                Periph::Led::Led(Periph::Leds::Enum)
                0x00000000080046a8                Periph::Led::Led(Periph::Leds::Enum)
 .text._ZN6Periph3LedD2Ev
                0x0000000008004710       0x18 CMakeFiles/sprinter.elf.dir/src/Periph/Led.cpp.obj
                0x0000000008004710                Periph::Led::~Led()
                0x0000000008004710                Periph::Led::~Led()
 .text._ZN6Periph3Led6turnOnEv
                0x0000000008004728       0x20 CMakeFiles/sprinter.elf.dir/src/Periph/Led.cpp.obj
                0x0000000008004728                Periph::Led::turnOn()
 .text._ZN6Periph3Led7turnOffEv
                0x0000000008004748       0x20 CMakeFiles/sprinter.elf.dir/src/Periph/Led.cpp.obj
                0x0000000008004748                Periph::Led::turnOff()
 .text._ZN4Util10RefCounterppEv
                0x0000000008004768       0x1c CMakeFiles/sprinter.elf.dir/src/Periph/Pwm.cpp.obj
                0x0000000008004768                Util::RefCounter::operator++()
 .text._ZN4Util10RefCountermmEv
                0x0000000008004784       0x1c CMakeFiles/sprinter.elf.dir/src/Periph/Pwm.cpp.obj
                0x0000000008004784                Util::RefCounter::operator--()
 .text._ZNK4Util10RefCounter15referenceExistsEv
                0x00000000080047a0       0x20 CMakeFiles/sprinter.elf.dir/src/Periph/Pwm.cpp.obj
                0x00000000080047a0                Util::RefCounter::referenceExists() const
 .text._ZNK4Util10RefCounter16destroyReferenceEv
                0x00000000080047c0       0x20 CMakeFiles/sprinter.elf.dir/src/Periph/Pwm.cpp.obj
                0x00000000080047c0                Util::RefCounter::destroyReference() const
 .text._ZN6Periph3Pwm7initRCCEv
                0x00000000080047e0       0x40 CMakeFiles/sprinter.elf.dir/src/Periph/Pwm.cpp.obj
                0x00000000080047e0                Periph::Pwm::initRCC()
 .text._ZN6Periph3Pwm8initGpioEv
                0x0000000008004820      0x180 CMakeFiles/sprinter.elf.dir/src/Periph/Pwm.cpp.obj
                0x0000000008004820                Periph::Pwm::initGpio()
 .text._ZN6Periph3Pwm9initTimOCEm
                0x00000000080049a0      0x140 CMakeFiles/sprinter.elf.dir/src/Periph/Pwm.cpp.obj
                0x00000000080049a0                Periph::Pwm::initTimOC(unsigned long)
 .text._ZN6Periph3Pwm9initTimTBEm
                0x0000000008004ae0      0x110 CMakeFiles/sprinter.elf.dir/src/Periph/Pwm.cpp.obj
                0x0000000008004ae0                Periph::Pwm::initTimTB(unsigned long)
 .text._ZN6Periph3Pwm7initPwmEv
                0x0000000008004bf0       0x58 CMakeFiles/sprinter.elf.dir/src/Periph/Pwm.cpp.obj
                0x0000000008004bf0                Periph::Pwm::initPwm()
 .text._ZN6Periph3Pwm9deinitPwmEv
                0x0000000008004c48       0x58 CMakeFiles/sprinter.elf.dir/src/Periph/Pwm.cpp.obj
                0x0000000008004c48                Periph::Pwm::deinitPwm()
 .text._ZN6Periph3PwmC2Em
                0x0000000008004ca0       0x54 CMakeFiles/sprinter.elf.dir/src/Periph/Pwm.cpp.obj
                0x0000000008004ca0                Periph::Pwm::Pwm(unsigned long)
                0x0000000008004ca0                Periph::Pwm::Pwm(unsigned long)
 .text._ZN6Periph3PwmD2Ev
                0x0000000008004cf4       0x30 CMakeFiles/sprinter.elf.dir/src/Periph/Pwm.cpp.obj
                0x0000000008004cf4                Periph::Pwm::~Pwm()
                0x0000000008004cf4                Periph::Pwm::~Pwm()
 .text._ZN6Periph3Pwm5writeENS_4Pwms4EnumEt
                0x0000000008004d24       0x40 CMakeFiles/sprinter.elf.dir/src/Periph/Pwm.cpp.obj
                0x0000000008004d24                Periph::Pwm::write(Periph::Pwms::Enum, unsigned short)
 .text._ZNK6Periph3Pwm4readENS_4Pwms4EnumE
                0x0000000008004d64       0x24 CMakeFiles/sprinter.elf.dir/src/Periph/Pwm.cpp.obj
                0x0000000008004d64                Periph::Pwm::read(Periph::Pwms::Enum) const
 .text._Z41__static_initialization_and_destruction_0ii
                0x0000000008004d88       0x98 CMakeFiles/sprinter.elf.dir/src/Periph/Pwm.cpp.obj
 .text._GLOBAL__sub_I__ZN6Periph3Pwm12s_refCounterE
                0x0000000008004e20       0x10 CMakeFiles/sprinter.elf.dir/src/Periph/Pwm.cpp.obj
 .text._ZN6PeriphL12servosToPwmsENS_6Servos4EnumE
                0x0000000008004e30       0x1a CMakeFiles/sprinter.elf.dir/src/Periph/Servo.cpp.obj
 *fill*         0x0000000008004e4a        0x2 
 .text._ZN6Periph5ServoC2ENS_6Servos4EnumE
                0x0000000008004e4c       0xac CMakeFiles/sprinter.elf.dir/src/Periph/Servo.cpp.obj
                0x0000000008004e4c                Periph::Servo::Servo(Periph::Servos::Enum)
                0x0000000008004e4c                Periph::Servo::Servo(Periph::Servos::Enum)
 .text._ZN6Periph5ServoD2Ev
                0x0000000008004ef8       0x22 CMakeFiles/sprinter.elf.dir/src/Periph/Servo.cpp.obj
                0x0000000008004ef8                Periph::Servo::~Servo()
                0x0000000008004ef8                Periph::Servo::~Servo()
 *fill*         0x0000000008004f1a        0x2 
 .text._ZN6Periph5Servo5startEv
                0x0000000008004f1c       0x24 CMakeFiles/sprinter.elf.dir/src/Periph/Servo.cpp.obj
                0x0000000008004f1c                Periph::Servo::start()
 .text._ZN6Periph5Servo4stopEv
                0x0000000008004f40       0x24 CMakeFiles/sprinter.elf.dir/src/Periph/Servo.cpp.obj
                0x0000000008004f40                Periph::Servo::stop()
 .text._ZNK6Periph5Servo9isRunningEv
                0x0000000008004f64       0x28 CMakeFiles/sprinter.elf.dir/src/Periph/Servo.cpp.obj
                0x0000000008004f64                Periph::Servo::isRunning() const
 .text._ZN6Periph5Servo8addAngleEs
                0x0000000008004f8c       0x78 CMakeFiles/sprinter.elf.dir/src/Periph/Servo.cpp.obj
                0x0000000008004f8c                Periph::Servo::addAngle(short)
 .text._ZNK6Periph5Servo15getCurrentAngleEv
                0x0000000008005004       0x2a CMakeFiles/sprinter.elf.dir/src/Periph/Servo.cpp.obj
                0x0000000008005004                Periph::Servo::getCurrentAngle() const
 .text._ZN6Periph5Servo14incrementAngleEv
                0x000000000800502e       0x60 CMakeFiles/sprinter.elf.dir/src/Periph/Servo.cpp.obj
                0x000000000800502e                Periph::Servo::incrementAngle()
 .text._ZN6Periph5Servo14decrementAngleEv
                0x000000000800508e       0x5c CMakeFiles/sprinter.elf.dir/src/Periph/Servo.cpp.obj
                0x000000000800508e                Periph::Servo::decrementAngle()
 *fill*         0x00000000080050ea        0x2 
 .text._Z41__static_initialization_and_destruction_0ii
                0x00000000080050ec       0x30 CMakeFiles/sprinter.elf.dir/src/Periph/Servo.cpp.obj
 .text._GLOBAL__sub_I__ZN6Periph12s_servoStateE
                0x000000000800511c       0x10 CMakeFiles/sprinter.elf.dir/src/Periph/Servo.cpp.obj
 .text._ZN6Periph7Stepper7isBussyEv
                0x000000000800512c       0x2a CMakeFiles/sprinter.elf.dir/src/Periph/Stepper.cpp.obj
                0x000000000800512c                Periph::Stepper::isBussy()
 .text._ZNK6Periph7Stepper16getSoftwareStateEv
                0x0000000008005156       0x18 CMakeFiles/sprinter.elf.dir/src/Periph/Stepper.cpp.obj
                0x0000000008005156                Periph::Stepper::getSoftwareState() const
 .text._ZN6PeriphL14directionToPinENS_4Dirs4EnumE
                0x000000000800516e       0x20 CMakeFiles/sprinter.elf.dir/src/Periph/Stepper.cpp.obj
 *fill*         0x000000000800518e        0x2 
 .text._ZN6Periph7StepperC2ENS_8Steppers4EnumE
                0x0000000008005190      0x100 CMakeFiles/sprinter.elf.dir/src/Periph/Stepper.cpp.obj
                0x0000000008005190                Periph::Stepper::Stepper(Periph::Steppers::Enum)
                0x0000000008005190                Periph::Stepper::Stepper(Periph::Steppers::Enum)
 .text._ZN6Periph7StepperD2Ev
                0x0000000008005290       0x30 CMakeFiles/sprinter.elf.dir/src/Periph/Stepper.cpp.obj
                0x0000000008005290                Periph::Stepper::~Stepper()
                0x0000000008005290                Periph::Stepper::~Stepper()
 .text._ZN6Periph7Stepper4initEv
                0x00000000080052c0       0x20 CMakeFiles/sprinter.elf.dir/src/Periph/Stepper.cpp.obj
                0x00000000080052c0                Periph::Stepper::init()
 .text._ZN6Periph7Stepper7freeRunEv
                0x00000000080052e0       0x4e CMakeFiles/sprinter.elf.dir/src/Periph/Stepper.cpp.obj
                0x00000000080052e0                Periph::Stepper::freeRun()
 .text._ZN6Periph7Stepper3runEv
                0x000000000800532e       0x26 CMakeFiles/sprinter.elf.dir/src/Periph/Stepper.cpp.obj
                0x000000000800532e                Periph::Stepper::run()
 .text._ZN6Periph7Stepper6updateEv
                0x0000000008005354       0x30 CMakeFiles/sprinter.elf.dir/src/Periph/Stepper.cpp.obj
                0x0000000008005354                Periph::Stepper::update()
 .text._ZN6Periph7Stepper4stopEv
                0x0000000008005384       0x16 CMakeFiles/sprinter.elf.dir/src/Periph/Stepper.cpp.obj
                0x0000000008005384                Periph::Stepper::stop()
 .text._ZN6Periph7Stepper5startEv
                0x000000000800539a       0x16 CMakeFiles/sprinter.elf.dir/src/Periph/Stepper.cpp.obj
                0x000000000800539a                Periph::Stepper::start()
 .text._ZN6Periph7Stepper14setTargetStepsEm
                0x00000000080053b0       0x20 CMakeFiles/sprinter.elf.dir/src/Periph/Stepper.cpp.obj
                0x00000000080053b0                Periph::Stepper::setTargetSteps(unsigned long)
 .text._ZNK6Periph7Stepper15getCurrentStepsEv
                0x00000000080053d0       0x16 CMakeFiles/sprinter.elf.dir/src/Periph/Stepper.cpp.obj
                0x00000000080053d0                Periph::Stepper::getCurrentSteps() const
 .text._ZNK6Periph7Stepper14getTargetStepsEv
                0x00000000080053e6       0x16 CMakeFiles/sprinter.elf.dir/src/Periph/Stepper.cpp.obj
                0x00000000080053e6                Periph::Stepper::getTargetSteps() const
 .text._ZN6Periph7Stepper19setCurrentDirectionENS_4Dirs4EnumE
                0x00000000080053fc       0x2a CMakeFiles/sprinter.elf.dir/src/Periph/Stepper.cpp.obj
                0x00000000080053fc                Periph::Stepper::setCurrentDirection(Periph::Dirs::Enum)
 .text._ZN6Periph7Stepper15hardwareDisableEv
                0x0000000008005426       0x34 CMakeFiles/sprinter.elf.dir/src/Periph/Stepper.cpp.obj
                0x0000000008005426                Periph::Stepper::hardwareDisable()
 .text._ZN6Periph7Stepper14hardwareEnableEv
                0x000000000800545a       0x34 CMakeFiles/sprinter.elf.dir/src/Periph/Stepper.cpp.obj
                0x000000000800545a                Periph::Stepper::hardwareEnable()
 .text._ZN6Periph7Stepper15softwareDisableEv
                0x000000000800548e       0x2c CMakeFiles/sprinter.elf.dir/src/Periph/Stepper.cpp.obj
                0x000000000800548e                Periph::Stepper::softwareDisable()
 .text._ZN6Periph7Stepper14softwareEnableEv
                0x00000000080054ba       0x24 CMakeFiles/sprinter.elf.dir/src/Periph/Stepper.cpp.obj
                0x00000000080054ba                Periph::Stepper::softwareEnable()
 .text._ZN6Periph7Stepper6enableEv
                0x00000000080054de       0x1c CMakeFiles/sprinter.elf.dir/src/Periph/Stepper.cpp.obj
                0x00000000080054de                Periph::Stepper::enable()
 .text._ZN6Periph7Stepper7disableEv
                0x00000000080054fa       0x1c CMakeFiles/sprinter.elf.dir/src/Periph/Stepper.cpp.obj
                0x00000000080054fa                Periph::Stepper::disable()
 *fill*         0x0000000008005516        0x2 
 .text.NVIC_SetPriority
                0x0000000008005518       0x54 CMakeFiles/sprinter.elf.dir/src/Periph/SysTickCounter.cpp.obj
 .text.SysTick_Config
                0x000000000800556c       0x44 CMakeFiles/sprinter.elf.dir/src/Periph/SysTickCounter.cpp.obj
 .text._ZN6Periph14SysTickCounter4initEv
                0x00000000080055b0       0x3c CMakeFiles/sprinter.elf.dir/src/Periph/SysTickCounter.cpp.obj
                0x00000000080055b0                Periph::SysTickCounter::init()
 .text._ZN6Periph14SysTickCounterC2Ev
                0x00000000080055ec       0x44 CMakeFiles/sprinter.elf.dir/src/Periph/SysTickCounter.cpp.obj
                0x00000000080055ec                Periph::SysTickCounter::SysTickCounter()
                0x00000000080055ec                Periph::SysTickCounter::SysTickCounter()
 .text._ZNK6Periph14SysTickCounter20microsSinceLastResetEv
                0x0000000008005630       0x20 CMakeFiles/sprinter.elf.dir/src/Periph/SysTickCounter.cpp.obj
                0x0000000008005630                Periph::SysTickCounter::microsSinceLastReset() const
 .text._ZNK6Periph14SysTickCounter14sinceLastResetEv
                0x0000000008005650       0x40 CMakeFiles/sprinter.elf.dir/src/Periph/SysTickCounter.cpp.obj
                0x0000000008005650                Periph::SysTickCounter::sinceLastReset() const
 .text.SysTick_Handler
                0x0000000008005690       0x24 CMakeFiles/sprinter.elf.dir/src/Periph/SysTickCounter.cpp.obj
                0x0000000008005690                SysTick_Handler
 .text.Get_Milis
                0x00000000080056b4       0x24 CMakeFiles/sprinter.elf.dir/src/Periph/SysTickCounter.cpp.obj
                0x00000000080056b4                Get_Milis
 .text.NVIC_DisableIRQ
                0x00000000080056d8       0x34 CMakeFiles/sprinter.elf.dir/src/Periph/Usart.cpp.obj
 .text._ZN6Periph5Usart7initRccEv
                0x000000000800570c       0x58 CMakeFiles/sprinter.elf.dir/src/Periph/Usart.cpp.obj
                0x000000000800570c                Periph::Usart::initRcc()
 .text._ZN6Periph5Usart8initGpioEv
                0x0000000008005764      0x124 CMakeFiles/sprinter.elf.dir/src/Periph/Usart.cpp.obj
                0x0000000008005764                Periph::Usart::initGpio()
 .text._ZN6Periph5Usart9initUsartEm
                0x0000000008005888       0xac CMakeFiles/sprinter.elf.dir/src/Periph/Usart.cpp.obj
                0x0000000008005888                Periph::Usart::initUsart(unsigned long)
 .text._ZN6Periph5Usart8initNvicEv
                0x0000000008005934       0x60 CMakeFiles/sprinter.elf.dir/src/Periph/Usart.cpp.obj
                0x0000000008005934                Periph::Usart::initNvic()
 .text._ZN6Periph5UsartC2ENS_6Usarts4EnumEm
                0x0000000008005994       0x38 CMakeFiles/sprinter.elf.dir/src/Periph/Usart.cpp.obj
                0x0000000008005994                Periph::Usart::Usart(Periph::Usarts::Enum, unsigned long)
                0x0000000008005994                Periph::Usart::Usart(Periph::Usarts::Enum, unsigned long)
 .text._ZN6Periph5UsartD2Ev
                0x00000000080059cc       0x54 CMakeFiles/sprinter.elf.dir/src/Periph/Usart.cpp.obj
                0x00000000080059cc                Periph::Usart::~Usart()
                0x00000000080059cc                Periph::Usart::~Usart()
 .text._ZN6Periph5Usart5writeEh
                0x0000000008005a20       0xc8 CMakeFiles/sprinter.elf.dir/src/Periph/Usart.cpp.obj
                0x0000000008005a20                Periph::Usart::write(unsigned char)
 .text._ZN6Periph5Usart5writeEPKc
                0x0000000008005ae8       0x3c CMakeFiles/sprinter.elf.dir/src/Periph/Usart.cpp.obj
                0x0000000008005ae8                Periph::Usart::write(char const*)
 .text._ZN6Periph5Usart5writeEPKhm
                0x0000000008005b24       0x4a CMakeFiles/sprinter.elf.dir/src/Periph/Usart.cpp.obj
                0x0000000008005b24                Periph::Usart::write(unsigned char const*, unsigned long)
 *fill*         0x0000000008005b6e        0x2 
 .text._ZN6Periph5Usart4readEv
                0x0000000008005b70       0x6c CMakeFiles/sprinter.elf.dir/src/Periph/Usart.cpp.obj
                0x0000000008005b70                Periph::Usart::read()
 .text._ZN6Periph5Usart14readBytesUntilEhPhm
                0x0000000008005bdc       0x50 CMakeFiles/sprinter.elf.dir/src/Periph/Usart.cpp.obj
                0x0000000008005bdc                Periph::Usart::readBytesUntil(unsigned char, unsigned char*, unsigned long)
 .text._ZNK6Periph5Usart9AvailableEv
                0x0000000008005c2c       0x34 CMakeFiles/sprinter.elf.dir/src/Periph/Usart.cpp.obj
                0x0000000008005c2c                Periph::Usart::Available() const
 .text._ZNK6Periph5Usart14bytesAvailableEv
                0x0000000008005c60       0x30 CMakeFiles/sprinter.elf.dir/src/Periph/Usart.cpp.obj
                0x0000000008005c60                Periph::Usart::bytesAvailable() const
 .text.USART1_IRQHandler
                0x0000000008005c90       0x98 CMakeFiles/sprinter.elf.dir/src/Periph/Usart.cpp.obj
                0x0000000008005c90                USART1_IRQHandler
 .text.USART2_IRQHandler
                0x0000000008005d28       0x98 CMakeFiles/sprinter.elf.dir/src/Periph/Usart.cpp.obj
                0x0000000008005d28                USART2_IRQHandler
 .text._ZN9Container5QueueIVhLm512EEC2Ev
                0x0000000008005dc0       0x22 CMakeFiles/sprinter.elf.dir/src/Periph/Usart.cpp.obj
                0x0000000008005dc0                Container::Queue<unsigned char volatile, 512ul>::Queue()
                0x0000000008005dc0                Container::Queue<unsigned char volatile, 512ul>::Queue()
 .text._ZN4Util5StateIhEC2Eh
                0x0000000008005de2       0x1e CMakeFiles/sprinter.elf.dir/src/Periph/Usart.cpp.obj
                0x0000000008005de2                Util::State<unsigned char>::State(unsigned char)
                0x0000000008005de2                Util::State<unsigned char>::State(unsigned char)
 .text._ZNK4Util5StateIhE4flagEh
                0x0000000008005e00       0x30 CMakeFiles/sprinter.elf.dir/src/Periph/Usart.cpp.obj
                0x0000000008005e00                Util::State<unsigned char>::flag(unsigned char) const
 .text._ZN4Util5StateIhE7setFlagEh
                0x0000000008005e30       0x30 CMakeFiles/sprinter.elf.dir/src/Periph/Usart.cpp.obj
                0x0000000008005e30                Util::State<unsigned char>::setFlag(unsigned char)
 .text._ZN4Util5StateIhE9resetFlagEh
                0x0000000008005e60       0x34 CMakeFiles/sprinter.elf.dir/src/Periph/Usart.cpp.obj
                0x0000000008005e60                Util::State<unsigned char>::resetFlag(unsigned char)
 .text._Z41__static_initialization_and_destruction_0ii
                0x0000000008005e94       0x68 CMakeFiles/sprinter.elf.dir/src/Periph/Usart.cpp.obj
 .text._GLOBAL__sub_I__ZN6Periph5Usart7initRccEv
                0x0000000008005efc       0x10 CMakeFiles/sprinter.elf.dir/src/Periph/Usart.cpp.obj
 .text._ZN4Util6PacketC2Ev
                0x0000000008005f0c       0x1c CMakeFiles/sprinter.elf.dir/src/Util/Communication.cpp.obj
                0x0000000008005f0c                Util::Packet::Packet()
                0x0000000008005f0c                Util::Packet::Packet()
 .text._ZN6Periph6EngineD2Ev
                0x0000000008005f28       0x26 CMakeFiles/sprinter.elf.dir/src/Util/Control.cpp.obj
                0x0000000008005f28                Periph::Engine::~Engine()
                0x0000000008005f28                Periph::Engine::~Engine()
 *fill*         0x0000000008005f4e        0x2 
 .text._ZN4UtilL8nextTaskEv
                0x0000000008005f50       0x38 CMakeFiles/sprinter.elf.dir/src/Util/Control.cpp.obj
 .text._ZN4Util7Control11taskManagerEh
                0x0000000008005f88       0xb0 CMakeFiles/sprinter.elf.dir/src/Util/Control.cpp.obj
                0x0000000008005f88                Util::Control::taskManager(unsigned char)
 .text._ZN4Util7Control16updateSimulationEv
                0x0000000008006038       0x9c CMakeFiles/sprinter.elf.dir/src/Util/Control.cpp.obj
                0x0000000008006038                Util::Control::updateSimulation()
 .text._ZN6Device10SuntrackerD2Ev
                0x00000000080060d4       0x26 CMakeFiles/sprinter.elf.dir/src/Util/Control.cpp.obj
                0x00000000080060d4                Device::Suntracker::~Suntracker()
                0x00000000080060d4                Device::Suntracker::~Suntracker()
 *fill*         0x00000000080060fa        0x2 
 .text._ZN4Util7ControlC2Ev
                0x00000000080060fc      0x310 CMakeFiles/sprinter.elf.dir/src/Util/Control.cpp.obj
                0x00000000080060fc                Util::Control::Control()
                0x00000000080060fc                Util::Control::Control()
 .text._ZN4Util7ControlD2Ev
                0x000000000800640c       0x82 CMakeFiles/sprinter.elf.dir/src/Util/Control.cpp.obj
                0x000000000800640c                Util::Control::~Control()
                0x000000000800640c                Util::Control::~Control()
 .text._ZN4Util7Control17setRightSideSpeedEh
                0x000000000800648e       0x9c CMakeFiles/sprinter.elf.dir/src/Util/Control.cpp.obj
                0x000000000800648e                Util::Control::setRightSideSpeed(unsigned char)
 .text._ZN4Util7Control16setLeftSideSpeedEh
                0x000000000800652a       0x9e CMakeFiles/sprinter.elf.dir/src/Util/Control.cpp.obj
                0x000000000800652a                Util::Control::setLeftSideSpeed(unsigned char)
 .text._ZN4Util7Control21setRightSideDirectionEN6Periph4Dirs4EnumE
                0x00000000080065c8       0x40 CMakeFiles/sprinter.elf.dir/src/Util/Control.cpp.obj
                0x00000000080065c8                Util::Control::setRightSideDirection(Periph::Dirs::Enum)
 .text._ZN4Util7Control20setLeftSideDirectionEN6Periph4Dirs4EnumE
                0x0000000008006608       0x44 CMakeFiles/sprinter.elf.dir/src/Util/Control.cpp.obj
                0x0000000008006608                Util::Control::setLeftSideDirection(Periph::Dirs::Enum)
 .text._ZN4Util7Control11stopEnginesEv
                0x000000000800664c       0x12 CMakeFiles/sprinter.elf.dir/src/Util/Control.cpp.obj
                0x000000000800664c                Util::Control::stopEngines()
 .text._ZN4Util7Control13updateEnginesEv
                0x000000000800665e       0x12 CMakeFiles/sprinter.elf.dir/src/Util/Control.cpp.obj
                0x000000000800665e                Util::Control::updateEngines()
 .text._ZN4Util7Control14updateEncodersEv
                0x0000000008006670       0x4a CMakeFiles/sprinter.elf.dir/src/Util/Control.cpp.obj
                0x0000000008006670                Util::Control::updateEncoders()
 *fill*         0x00000000080066ba        0x2 
 .text._ZN4Util7Control10switchModeEv
                0x00000000080066bc       0x28 CMakeFiles/sprinter.elf.dir/src/Util/Control.cpp.obj
                0x00000000080066bc                Util::Control::switchMode()
 .text._ZN4Util7Control4stopEv
                0x00000000080066e4       0x4e CMakeFiles/sprinter.elf.dir/src/Util/Control.cpp.obj
                0x00000000080066e4                Util::Control::stop()
 .text._ZN4Util7Control5startEv
                0x0000000008006732       0x30 CMakeFiles/sprinter.elf.dir/src/Util/Control.cpp.obj
                0x0000000008006732                Util::Control::start()
 *fill*         0x0000000008006762        0x2 
 .text._ZN4Util7Control3runEv
                0x0000000008006764      0x188 CMakeFiles/sprinter.elf.dir/src/Util/Control.cpp.obj
                0x0000000008006764                Util::Control::run()
 .text._ZN4Util7Control20updateSunTrackerDataEv
                0x00000000080068ec       0xf4 CMakeFiles/sprinter.elf.dir/src/Util/Control.cpp.obj
                0x00000000080068ec                Util::Control::updateSunTrackerData()
 .text._ZN4Util7Control18updatePrintingDataEv
                0x00000000080069e0       0xbc CMakeFiles/sprinter.elf.dir/src/Util/Control.cpp.obj
                0x00000000080069e0                Util::Control::updatePrintingData()
 .text._ZN4Util7Control17updateVehicleDataEv
                0x0000000008006a9c       0xd4 CMakeFiles/sprinter.elf.dir/src/Util/Control.cpp.obj
                0x0000000008006a9c                Util::Control::updateVehicleData()
 .text._ZN4Util7Control6updateEv
                0x0000000008006b70       0x84 CMakeFiles/sprinter.elf.dir/src/Util/Control.cpp.obj
                0x0000000008006b70                Util::Control::update()
 .text._ZN4Util6LoggerC2EPN6Periph5UsartE
                0x0000000008006bf4       0x1c CMakeFiles/sprinter.elf.dir/src/Util/Logger.cpp.obj
                0x0000000008006bf4                Util::Logger::Logger(Periph::Usart*)
                0x0000000008006bf4                Util::Logger::Logger(Periph::Usart*)
 .text._ZN4Util6Logger5writeEPKcS2_
                0x0000000008006c10       0x2c CMakeFiles/sprinter.elf.dir/src/Util/Logger.cpp.obj
                0x0000000008006c10                Util::Logger::write(char const*, char const*)
 .text._ZN4Util6Logger8instanceEv
                0x0000000008006c3c       0x1e CMakeFiles/sprinter.elf.dir/src/Util/Logger.cpp.obj
                0x0000000008006c3c                Util::Logger::instance()
 .text._ZSt3cosf
                0x0000000008006c5a       0x18 CMakeFiles/sprinter.elf.dir/src/Util/Odometry.cpp.obj
                0x0000000008006c5a                std::cos(float)
 .text._ZSt3sinf
                0x0000000008006c72       0x18 CMakeFiles/sprinter.elf.dir/src/Util/Odometry.cpp.obj
                0x0000000008006c72                std::sin(float)
 *fill*         0x0000000008006c8a        0x6 
 .text._ZN4UtilL8radToDegEf
                0x0000000008006c90       0x38 CMakeFiles/sprinter.elf.dir/src/Util/Odometry.cpp.obj
 .text._ZN4UtilL8degToRadEf
                0x0000000008006cc8       0x38 CMakeFiles/sprinter.elf.dir/src/Util/Odometry.cpp.obj
 .text._ZN4Util8OdometryC2ERA6_N6Periph7EncoderE
                0x0000000008006d00       0x98 CMakeFiles/sprinter.elf.dir/src/Util/Odometry.cpp.obj
                0x0000000008006d00                Util::Odometry::Odometry(Periph::Encoder (&) [6])
                0x0000000008006d00                Util::Odometry::Odometry(Periph::Encoder (&) [6])
 .text._ZN4Util8Odometry6updateEv
                0x0000000008006d98       0xb4 CMakeFiles/sprinter.elf.dir/src/Util/Odometry.cpp.obj
                0x0000000008006d98                Util::Odometry::update()
 .text._ZN4Util8Odometry15computeAngleDifEll
                0x0000000008006e4c       0x38 CMakeFiles/sprinter.elf.dir/src/Util/Odometry.cpp.obj
                0x0000000008006e4c                Util::Odometry::computeAngleDif(long, long)
 .text._ZN4Util8Odometry16computeNewCoordsEll
                0x0000000008006e84       0xb4 CMakeFiles/sprinter.elf.dir/src/Util/Odometry.cpp.obj
                0x0000000008006e84                Util::Odometry::computeNewCoords(long, long)
 .text._ZN4Util8Odometry5resetEv
                0x0000000008006f38       0x22 CMakeFiles/sprinter.elf.dir/src/Util/Odometry.cpp.obj
                0x0000000008006f38                Util::Odometry::reset()
 *fill*         0x0000000008006f5a        0x2 
 .text._ZN4Util6Packet9calc_crc8EPht
                0x0000000008006f5c       0x4c CMakeFiles/sprinter.elf.dir/src/Util/Packet.cpp.obj
                0x0000000008006f5c                Util::Packet::calc_crc8(unsigned char*, unsigned short)
 .text._ZN4Util3PidC2EPKNS_9PidArgs_tE
                0x0000000008006fa8       0x2c CMakeFiles/sprinter.elf.dir/src/Util/Pid.cpp.obj
                0x0000000008006fa8                Util::Pid::Pid(Util::PidArgs_t const*)
                0x0000000008006fa8                Util::Pid::Pid(Util::PidArgs_t const*)
 .text._ZN4Util3Pid7processEhh
                0x0000000008006fd4      0x158 CMakeFiles/sprinter.elf.dir/src/Util/Pid.cpp.obj
                0x0000000008006fd4                Util::Pid::process(unsigned char, unsigned char)
 .text._ZN4Util4Time8ZeroTimeEv
                0x000000000800712c       0x1e CMakeFiles/sprinter.elf.dir/src/Util/Timer.cpp.obj
                0x000000000800712c                Util::Time::ZeroTime()
 .text._ZN4Util4TimepLERKS0_
                0x000000000800714a       0x2e CMakeFiles/sprinter.elf.dir/src/Util/Timer.cpp.obj
                0x000000000800714a                Util::Time::operator+=(Util::Time const&)
 .text._ZN4UtilplENS_4TimeERKS0_
                0x0000000008007178       0x28 CMakeFiles/sprinter.elf.dir/src/Util/Timer.cpp.obj
                0x0000000008007178                Util::operator+(Util::Time, Util::Time const&)
 .text._ZN4Util4TimegeERKS0_
                0x00000000080071a0       0x2e CMakeFiles/sprinter.elf.dir/src/Util/Timer.cpp.obj
                0x00000000080071a0                Util::Time::operator>=(Util::Time const&)
 *fill*         0x00000000080071ce        0x2 
 .text._ZN4Util5TimerC2ENS_4TimeE
                0x00000000080071d0       0x54 CMakeFiles/sprinter.elf.dir/src/Util/Timer.cpp.obj
                0x00000000080071d0                Util::Timer::Timer(Util::Time)
                0x00000000080071d0                Util::Timer::Timer(Util::Time)
 .text._ZN4Util5Timer5startEv
                0x0000000008007224       0x1c CMakeFiles/sprinter.elf.dir/src/Util/Timer.cpp.obj
                0x0000000008007224                Util::Timer::start()
 .text._ZNK4Util5Timer12shouldUpdateEv
                0x0000000008007240       0x78 CMakeFiles/sprinter.elf.dir/src/Util/Timer.cpp.obj
                0x0000000008007240                Util::Timer::shouldUpdate() const
 .text._ZN4Util5Timer15wasTriggeredNowEv
                0x00000000080072b8       0x44 CMakeFiles/sprinter.elf.dir/src/Util/Timer.cpp.obj
                0x00000000080072b8                Util::Timer::wasTriggeredNow()
 .text._ZN4Util5Timer3runEv
                0x00000000080072fc       0x28 CMakeFiles/sprinter.elf.dir/src/Util/Timer.cpp.obj
                0x00000000080072fc                Util::Timer::run()
 .text._ZN4Util4ToolC2Ev
                0x0000000008007324       0x14 CMakeFiles/sprinter.elf.dir/src/Util/Tool.cpp.obj
                0x0000000008007324                Util::Tool::Tool()
                0x0000000008007324                Util::Tool::Tool()
 .text._ZN4Util4Tool5clampElll
                0x0000000008007338       0x32 CMakeFiles/sprinter.elf.dir/src/Util/Tool.cpp.obj
                0x0000000008007338                Util::Tool::clamp(long, long, long)
 *fill*         0x000000000800736a        0x2 
 .text.TRACE    0x000000000800736c       0x9c CMakeFiles/sprinter.elf.dir/src/Util/Trace.cpp.obj
                0x000000000800736c                TRACE
 .text.DTRACE   0x0000000008007408       0x10 CMakeFiles/sprinter.elf.dir/src/Util/Trace.cpp.obj
                0x0000000008007408                DTRACE
 .text._ZN11ApplicationD2Ev
                0x0000000008007418       0x32 CMakeFiles/sprinter.elf.dir/src/main.cpp.obj
                0x0000000008007418                Application::~Application()
                0x0000000008007418                Application::~Application()
 *fill*         0x000000000800744a        0x2 
 .text.main     0x000000000800744c       0x5c CMakeFiles/sprinter.elf.dir/src/main.cpp.obj
                0x000000000800744c                main
 .text._getpid  0x00000000080074a8        0xe CMakeFiles/sprinter.elf.dir/src/syscalls.c.obj
                0x00000000080074a8                _getpid
 .text._kill    0x00000000080074b6       0x20 CMakeFiles/sprinter.elf.dir/src/syscalls.c.obj
                0x00000000080074b6                _kill
 .text._exit    0x00000000080074d6       0x14 CMakeFiles/sprinter.elf.dir/src/syscalls.c.obj
                0x00000000080074d6                _exit
 .text._write   0x00000000080074ea       0x38 CMakeFiles/sprinter.elf.dir/src/syscalls.c.obj
                0x00000000080074ea                _write
 *fill*         0x0000000008007522        0x2 
 .text._sbrk    0x0000000008007524       0x58 CMakeFiles/sprinter.elf.dir/src/syscalls.c.obj
                0x0000000008007524                _sbrk
 .text.SystemInit
                0x000000000800757c       0x5c CMakeFiles/sprinter.elf.dir/src/system_stm32f4xx.c.obj
                0x000000000800757c                SystemInit
 .text.SetSysClock
                0x00000000080075d8      0x128 CMakeFiles/sprinter.elf.dir/src/system_stm32f4xx.c.obj
 .text.Reset_Handler
                0x0000000008007700       0x50 CMakeFiles/sprinter.elf.dir/startup/startup_stm32.s.obj
                0x0000000008007700                Reset_Handler
 .text.Default_Handler
                0x0000000008007750        0x2 CMakeFiles/sprinter.elf.dir/startup/startup_stm32.s.obj
                0x0000000008007750                RTC_Alarm_IRQHandler
                0x0000000008007750                TIM8_CC_IRQHandler
                0x0000000008007750                DebugMon_Handler
                0x0000000008007750                UART8_IRQHandler
                0x0000000008007750                SPI4_IRQHandler
                0x0000000008007750                TIM1_CC_IRQHandler
                0x0000000008007750                DMA2_Stream5_IRQHandler
                0x0000000008007750                HardFault_Handler
                0x0000000008007750                DMA1_Stream5_IRQHandler
                0x0000000008007750                TAMP_STAMP_IRQHandler
                0x0000000008007750                PendSV_Handler
                0x0000000008007750                NMI_Handler
                0x0000000008007750                CAN2_RX1_IRQHandler
                0x0000000008007750                TIM8_TRG_COM_TIM14_IRQHandler
                0x0000000008007750                TIM1_UP_TIM10_IRQHandler
                0x0000000008007750                TIM8_UP_TIM13_IRQHandler
                0x0000000008007750                I2C3_ER_IRQHandler
                0x0000000008007750                LCD_TFT_IRQHandler
                0x0000000008007750                I2C2_EV_IRQHandler
                0x0000000008007750                DMA1_Stream2_IRQHandler
                0x0000000008007750                CAN1_RX0_IRQHandler
                0x0000000008007750                FPU_IRQHandler
                0x0000000008007750                UsageFault_Handler
                0x0000000008007750                CAN2_SCE_IRQHandler
                0x0000000008007750                DMA2_Stream2_IRQHandler
                0x0000000008007750                SPI1_IRQHandler
                0x0000000008007750                TIM6_DAC_IRQHandler
                0x0000000008007750                TIM1_BRK_TIM9_IRQHandler
                0x0000000008007750                DCMI_IRQHandler
                0x0000000008007750                CAN2_RX0_IRQHandler
                0x0000000008007750                DMA2_Stream3_IRQHandler
                0x0000000008007750                USART6_IRQHandler
                0x0000000008007750                USART3_IRQHandler
                0x0000000008007750                CAN1_RX1_IRQHandler
                0x0000000008007750                UART5_IRQHandler
                0x0000000008007750                DMA2_Stream0_IRQHandler
                0x0000000008007750                TIM4_IRQHandler
                0x0000000008007750                I2C1_EV_IRQHandler
                0x0000000008007750                DMA1_Stream6_IRQHandler
                0x0000000008007750                DMA1_Stream1_IRQHandler
                0x0000000008007750                UART4_IRQHandler
                0x0000000008007750                LCD_TFT_1_IRQHandler
                0x0000000008007750                TIM3_IRQHandler
                0x0000000008007750                RCC_IRQHandler
                0x0000000008007750                TIM8_BRK_TIM12_IRQHandler
                0x0000000008007750                Default_Handler
                0x0000000008007750                EXTI15_10_IRQHandler
                0x0000000008007750                ADC_IRQHandler
                0x0000000008007750                DMA1_Stream7_IRQHandler
                0x0000000008007750                TIM7_IRQHandler
                0x0000000008007750                CAN2_TX_IRQHandler
                0x0000000008007750                TIM5_IRQHandler
                0x0000000008007750                DMA2_Stream7_IRQHandler
                0x0000000008007750                I2C3_EV_IRQHandler
                0x0000000008007750                RTC_WKUP_IRQHandler
                0x0000000008007750                ETH_WKUP_IRQHandler
                0x0000000008007750                SPI2_IRQHandler
                0x0000000008007750                MemManage_Handler
                0x0000000008007750                DMA1_Stream0_IRQHandler
                0x0000000008007750                CAN1_TX_IRQHandler
                0x0000000008007750                SVC_Handler
                0x0000000008007750                ETH_IRQHandler
                0x0000000008007750                WWDG_IRQHandler
                0x0000000008007750                TIM2_IRQHandler
                0x0000000008007750                OTG_FS_WKUP_IRQHandler
                0x0000000008007750                TIM1_TRG_COM_TIM11_IRQHandler
                0x0000000008007750                UART7_IRQHandler
                0x0000000008007750                I2C2_ER_IRQHandler
                0x0000000008007750                DMA2_Stream1_IRQHandler
                0x0000000008007750                CAN1_SCE_IRQHandler
                0x0000000008007750                FLASH_IRQHandler
                0x0000000008007750                DMA2_Stream4_IRQHandler
                0x0000000008007750                BusFault_Handler
                0x0000000008007750                OTG_FS_IRQHandler
                0x0000000008007750                SPI3_IRQHandler
                0x0000000008007750                DMA1_Stream4_IRQHandler
                0x0000000008007750                I2C1_ER_IRQHandler
                0x0000000008007750                FMC_IRQHandler
                0x0000000008007750                DMA2_Stream6_IRQHandler
                0x0000000008007750                DMA1_Stream3_IRQHandler
 .text.__cxa_end_cleanup
                0x0000000008007752        0xc /usr/lib/gcc/arm-none-eabi/9.2.0/../../../../arm-none-eabi/lib/thumb/v7e-m/nofp/libstdc++_nano.a(eh_arm.o)
                0x0000000008007752                __cxa_end_cleanup
 .text._ZN10__cxxabiv1L24__is_gxx_exception_classEPc
                0x000000000800775e       0x3a /usr/lib/gcc/arm-none-eabi/9.2.0/../../../../arm-none-eabi/lib/thumb/v7e-m/nofp/libstdc++_nano.a(eh_arm.o)
 .text.__cxa_type_match
                0x0000000008007798       0xbc /usr/lib/gcc/arm-none-eabi/9.2.0/../../../../arm-none-eabi/lib/thumb/v7e-m/nofp/libstdc++_nano.a(eh_arm.o)
                0x0000000008007798                __cxa_type_match
 .text.__cxa_begin_cleanup
                0x0000000008007854       0x3a /usr/lib/gcc/arm-none-eabi/9.2.0/../../../../arm-none-eabi/lib/thumb/v7e-m/nofp/libstdc++_nano.a(eh_arm.o)
                0x0000000008007854                __cxa_begin_cleanup
 .text.__gnu_end_cleanup
                0x000000000800788e       0x32 /usr/lib/gcc/arm-none-eabi/9.2.0/../../../../arm-none-eabi/lib/thumb/v7e-m/nofp/libstdc++_nano.a(eh_arm.o)
                0x000000000800788e                __gnu_end_cleanup
 .text.__cxa_get_globals
                0x00000000080078c0        0x8 /usr/lib/gcc/arm-none-eabi/9.2.0/../../../../arm-none-eabi/lib/thumb/v7e-m/nofp/libstdc++_nano.a(eh_globals.o)
                0x00000000080078c0                __cxa_get_globals
 .text._ZL12read_uleb128PKhPm
                0x00000000080078c8       0x1e /usr/lib/gcc/arm-none-eabi/9.2.0/../../../../arm-none-eabi/lib/thumb/v7e-m/nofp/libstdc++_nano.a(eh_personality.o)
 .text._ZL12read_sleb128PKhPl
                0x00000000080078e6       0x30 /usr/lib/gcc/arm-none-eabi/9.2.0/../../../../arm-none-eabi/lib/thumb/v7e-m/nofp/libstdc++_nano.a(eh_personality.o)
 .text._ZL28read_encoded_value_with_basehjPKhPj
                0x0000000008007916       0x8c /usr/lib/gcc/arm-none-eabi/9.2.0/../../../../arm-none-eabi/lib/thumb/v7e-m/nofp/libstdc++_nano.a(eh_personality.o)
 .text._ZL21base_of_encoded_valuehP15_Unwind_Context
                0x00000000080079a2       0x48 /usr/lib/gcc/arm-none-eabi/9.2.0/../../../../arm-none-eabi/lib/thumb/v7e-m/nofp/libstdc++_nano.a(eh_personality.o)
 .text._ZL18read_encoded_valueP15_Unwind_ContexthPKhPj
                0x00000000080079ea       0x20 /usr/lib/gcc/arm-none-eabi/9.2.0/../../../../arm-none-eabi/lib/thumb/v7e-m/nofp/libstdc++_nano.a(eh_personality.o)
 .text._ZL17parse_lsda_headerP15_Unwind_ContextPKhP16lsda_header_info
                0x0000000008007a0a       0x62 /usr/lib/gcc/arm-none-eabi/9.2.0/../../../../arm-none-eabi/lib/thumb/v7e-m/nofp/libstdc++_nano.a(eh_personality.o)
 .text._Unwind_GetGR
                0x0000000008007a6c       0x18 /usr/lib/gcc/arm-none-eabi/9.2.0/../../../../arm-none-eabi/lib/thumb/v7e-m/nofp/libstdc++_nano.a(eh_personality.o)
 .text.__gxx_personality_v0
                0x0000000008007a84      0x344 /usr/lib/gcc/arm-none-eabi/9.2.0/../../../../arm-none-eabi/lib/thumb/v7e-m/nofp/libstdc++_nano.a(eh_personality.o)
                0x0000000008007a84                __gxx_personality_v0
 .text._ZN10__cxxabiv111__terminateEPFvvE
                0x0000000008007dc8        0x8 /usr/lib/gcc/arm-none-eabi/9.2.0/../../../../arm-none-eabi/lib/thumb/v7e-m/nofp/libstdc++_nano.a(eh_terminate.o)
                0x0000000008007dc8                __cxxabiv1::__terminate(void (*)())
 .text._ZSt13get_terminatev
                0x0000000008007dd0       0x10 /usr/lib/gcc/arm-none-eabi/9.2.0/../../../../arm-none-eabi/lib/thumb/v7e-m/nofp/libstdc++_nano.a(eh_terminate.o)
                0x0000000008007dd0                std::get_terminate()
 .text._ZSt9terminatev
                0x0000000008007de0        0xa /usr/lib/gcc/arm-none-eabi/9.2.0/../../../../arm-none-eabi/lib/thumb/v7e-m/nofp/libstdc++_nano.a(eh_terminate.o)
                0x0000000008007de0                std::terminate()
 .text._ZN10__cxxabiv112__unexpectedEPFvvE
                0x0000000008007dea        0x8 /usr/lib/gcc/arm-none-eabi/9.2.0/../../../../arm-none-eabi/lib/thumb/v7e-m/nofp/libstdc++_nano.a(eh_terminate.o)
                0x0000000008007dea                __cxxabiv1::__unexpected(void (*)())
 *fill*         0x0000000008007df2        0x2 
 .text._ZSt14get_unexpectedv
                0x0000000008007df4       0x10 /usr/lib/gcc/arm-none-eabi/9.2.0/../../../../arm-none-eabi/lib/thumb/v7e-m/nofp/libstdc++_nano.a(eh_terminate.o)
                0x0000000008007df4                std::get_unexpected()
 .text._ZSt10unexpectedv
                0x0000000008007e04        0xa /usr/lib/gcc/arm-none-eabi/9.2.0/../../../../arm-none-eabi/lib/thumb/v7e-m/nofp/libstdc++_nano.a(eh_terminate.o)
                0x0000000008007e04                std::unexpected()
 *fill*         0x0000000008007e0e        0x2 
 .text._ZN10__cxxabiv120__si_class_type_infoD2Ev
                0x0000000008007e10       0x14 /usr/lib/gcc/arm-none-eabi/9.2.0/../../../../arm-none-eabi/lib/thumb/v7e-m/nofp/libstdc++_nano.a(si_class_type_info.o)
                0x0000000008007e10                __cxxabiv1::__si_class_type_info::~__si_class_type_info()
                0x0000000008007e10                __cxxabiv1::__si_class_type_info::~__si_class_type_info()
 .text._ZN10__cxxabiv120__si_class_type_infoD0Ev
                0x0000000008007e24       0x14 /usr/lib/gcc/arm-none-eabi/9.2.0/../../../../arm-none-eabi/lib/thumb/v7e-m/nofp/libstdc++_nano.a(si_class_type_info.o)
                0x0000000008007e24                __cxxabiv1::__si_class_type_info::~__si_class_type_info()
 .text._ZNK10__cxxabiv120__si_class_type_info20__do_find_public_srcEiPKvPKNS_17__class_type_infoES2_
                0x0000000008007e38       0x3c /usr/lib/gcc/arm-none-eabi/9.2.0/../../../../arm-none-eabi/lib/thumb/v7e-m/nofp/libstdc++_nano.a(si_class_type_info.o)
                0x0000000008007e38                __cxxabiv1::__si_class_type_info::__do_find_public_src(int, void const*, __cxxabiv1::__class_type_info const*, void const*) const
 .text._ZNK10__cxxabiv120__si_class_type_info12__do_dyncastEiNS_17__class_type_info10__sub_kindEPKS1_PKvS4_S6_RNS1_16__dyncast_resultE
                0x0000000008007e74       0x74 /usr/lib/gcc/arm-none-eabi/9.2.0/../../../../arm-none-eabi/lib/thumb/v7e-m/nofp/libstdc++_nano.a(si_class_type_info.o)
                0x0000000008007e74                __cxxabiv1::__si_class_type_info::__do_dyncast(int, __cxxabiv1::__class_type_info::__sub_kind, __cxxabiv1::__class_type_info const*, void const*, __cxxabiv1::__class_type_info const*, void const*, __cxxabiv1::__class_type_info::__dyncast_result&) const
 .text._ZNK10__cxxabiv120__si_class_type_info11__do_upcastEPKNS_17__class_type_infoEPKvRNS1_15__upcast_resultE
                0x0000000008007ee8       0x2a /usr/lib/gcc/arm-none-eabi/9.2.0/../../../../arm-none-eabi/lib/thumb/v7e-m/nofp/libstdc++_nano.a(si_class_type_info.o)
                0x0000000008007ee8                __cxxabiv1::__si_class_type_info::__do_upcast(__cxxabiv1::__class_type_info const*, void const*, __cxxabiv1::__class_type_info::__upcast_result&) const
 .text._ZNSt9type_infoD2Ev
                0x0000000008007f12        0x2 /usr/lib/gcc/arm-none-eabi/9.2.0/../../../../arm-none-eabi/lib/thumb/v7e-m/nofp/libstdc++_nano.a(tinfo.o)
                0x0000000008007f12                std::type_info::~type_info()
                0x0000000008007f12                std::type_info::~type_info()
 .text._ZNKSt9type_info14__is_pointer_pEv
                0x0000000008007f14        0x4 /usr/lib/gcc/arm-none-eabi/9.2.0/../../../../arm-none-eabi/lib/thumb/v7e-m/nofp/libstdc++_nano.a(tinfo.o)
                0x0000000008007f14                std::type_info::__is_function_p() const
                0x0000000008007f14                std::type_info::__is_pointer_p() const
 .text._ZNKSt9type_infoeqERKS_
                0x0000000008007f18       0x2c /usr/lib/gcc/arm-none-eabi/9.2.0/../../../../arm-none-eabi/lib/thumb/v7e-m/nofp/libstdc++_nano.a(tinfo.o)
                0x0000000008007f18                std::type_info::operator==(std::type_info const&) const
 .text._ZNK10__cxxabiv117__class_type_info11__do_upcastEPKS0_PPv
                0x0000000008007f44       0x34 /usr/lib/gcc/arm-none-eabi/9.2.0/../../../../arm-none-eabi/lib/thumb/v7e-m/nofp/libstdc++_nano.a(class_type_info.o)
                0x0000000008007f44                __cxxabiv1::__class_type_info::__do_upcast(__cxxabiv1::__class_type_info const*, void**) const
 .text._ZNK10__cxxabiv117__class_type_info20__do_find_public_srcEiPKvPKS0_S2_
                0x0000000008007f78        0xc /usr/lib/gcc/arm-none-eabi/9.2.0/../../../../arm-none-eabi/lib/thumb/v7e-m/nofp/libstdc++_nano.a(class_type_info.o)
                0x0000000008007f78                __cxxabiv1::__class_type_info::__do_find_public_src(int, void const*, __cxxabiv1::__class_type_info const*, void const*) const
 .text._ZN10__cxxabiv117__class_type_infoD2Ev
                0x0000000008007f84       0x14 /usr/lib/gcc/arm-none-eabi/9.2.0/../../../../arm-none-eabi/lib/thumb/v7e-m/nofp/libstdc++_nano.a(class_type_info.o)
                0x0000000008007f84                __cxxabiv1::__class_type_info::~__class_type_info()
                0x0000000008007f84                __cxxabiv1::__class_type_info::~__class_type_info()
 .text._ZN10__cxxabiv117__class_type_infoD0Ev
                0x0000000008007f98       0x14 /usr/lib/gcc/arm-none-eabi/9.2.0/../../../../arm-none-eabi/lib/thumb/v7e-m/nofp/libstdc++_nano.a(class_type_info.o)
                0x0000000008007f98                __cxxabiv1::__class_type_info::~__class_type_info()
 .text._ZNK10__cxxabiv117__class_type_info12__do_dyncastEiNS0_10__sub_kindEPKS0_PKvS3_S5_RNS0_16__dyncast_resultE
                0x0000000008007fac       0x3e /usr/lib/gcc/arm-none-eabi/9.2.0/../../../../arm-none-eabi/lib/thumb/v7e-m/nofp/libstdc++_nano.a(class_type_info.o)
                0x0000000008007fac                __cxxabiv1::__class_type_info::__do_dyncast(int, __cxxabiv1::__class_type_info::__sub_kind, __cxxabiv1::__class_type_info const*, void const*, __cxxabiv1::__class_type_info const*, void const*, __cxxabiv1::__class_type_info::__dyncast_result&) const
 .text._ZNK10__cxxabiv117__class_type_info11__do_upcastEPKS0_PKvRNS0_15__upcast_resultE
                0x0000000008007fea       0x18 /usr/lib/gcc/arm-none-eabi/9.2.0/../../../../arm-none-eabi/lib/thumb/v7e-m/nofp/libstdc++_nano.a(class_type_info.o)
                0x0000000008007fea                __cxxabiv1::__class_type_info::__do_upcast(__cxxabiv1::__class_type_info const*, void const*, __cxxabiv1::__class_type_info::__upcast_result&) const
 .text._ZNK10__cxxabiv117__class_type_info10__do_catchEPKSt9type_infoPPvj
                0x0000000008008002       0x2a /usr/lib/gcc/arm-none-eabi/9.2.0/../../../../arm-none-eabi/lib/thumb/v7e-m/nofp/libstdc++_nano.a(class_type_info.o)
                0x0000000008008002                __cxxabiv1::__class_type_info::__do_catch(std::type_info const*, void**, unsigned int) const
 .text._ZdlPvj  0x000000000800802c        0x4 /usr/lib/gcc/arm-none-eabi/9.2.0/../../../../arm-none-eabi/lib/thumb/v7e-m/nofp/libstdc++_nano.a(del_ops.o)
                0x000000000800802c                operator delete(void*, unsigned int)
 .text._ZN10__cxxabiv1L24__is_gxx_exception_classEPc
                0x0000000008008030       0x3a /usr/lib/gcc/arm-none-eabi/9.2.0/../../../../arm-none-eabi/lib/thumb/v7e-m/nofp/libstdc++_nano.a(eh_call.o)
 .text.__cxa_call_terminate
                0x000000000800806a       0x1e /usr/lib/gcc/arm-none-eabi/9.2.0/../../../../arm-none-eabi/lib/thumb/v7e-m/nofp/libstdc++_nano.a(eh_call.o)
                0x000000000800806a                __cxa_call_terminate
 .text.__cxa_call_unexpected
                0x0000000008008088       0x28 /usr/lib/gcc/arm-none-eabi/9.2.0/../../../../arm-none-eabi/lib/thumb/v7e-m/nofp/libstdc++_nano.a(eh_call.o)
                0x0000000008008088                __cxa_call_unexpected
 .text._ZN10__cxxabiv1L24__is_gxx_exception_classEPc
                0x00000000080080b0       0x3a /usr/lib/gcc/arm-none-eabi/9.2.0/../../../../arm-none-eabi/lib/thumb/v7e-m/nofp/libstdc++_nano.a(eh_catch.o)
 .text.__cxa_begin_catch
                0x00000000080080ea       0x52 /usr/lib/gcc/arm-none-eabi/9.2.0/../../../../arm-none-eabi/lib/thumb/v7e-m/nofp/libstdc++_nano.a(eh_catch.o)
                0x00000000080080ea                __cxa_begin_catch
 .text._ZdlPv   0x000000000800813c        0x4 /usr/lib/gcc/arm-none-eabi/9.2.0/../../../../arm-none-eabi/lib/thumb/v7e-m/nofp/libstdc++_nano.a(del_op.o)
                0x000000000800813c                operator delete(void*)
 .text.cosf     0x0000000008008140       0x78 /usr/lib/gcc/arm-none-eabi/9.2.0/../../../../arm-none-eabi/lib/thumb/v7e-m/nofp/libm.a(lib_a-sf_cos.o)
                0x0000000008008140                cosf
 .text.sinf     0x00000000080081b8       0x7c /usr/lib/gcc/arm-none-eabi/9.2.0/../../../../arm-none-eabi/lib/thumb/v7e-m/nofp/libm.a(lib_a-sf_sin.o)
                0x00000000080081b8                sinf
 .text.__ieee754_rem_pio2f
                0x0000000008008234      0x2e8 /usr/lib/gcc/arm-none-eabi/9.2.0/../../../../arm-none-eabi/lib/thumb/v7e-m/nofp/libm.a(lib_a-ef_rem_pio2.o)
                0x0000000008008234                __ieee754_rem_pio2f
 .text.__kernel_cosf
                0x000000000800851c      0x18c /usr/lib/gcc/arm-none-eabi/9.2.0/../../../../arm-none-eabi/lib/thumb/v7e-m/nofp/libm.a(lib_a-kf_cos.o)
                0x000000000800851c                __kernel_cosf
 .text.__kernel_rem_pio2f
                0x00000000080086a8      0x6f0 /usr/lib/gcc/arm-none-eabi/9.2.0/../../../../arm-none-eabi/lib/thumb/v7e-m/nofp/libm.a(lib_a-kf_rem_pio2.o)
                0x00000000080086a8                __kernel_rem_pio2f
 .text.__kernel_sinf
                0x0000000008008d98       0xec /usr/lib/gcc/arm-none-eabi/9.2.0/../../../../arm-none-eabi/lib/thumb/v7e-m/nofp/libm.a(lib_a-kf_sin.o)
                0x0000000008008d98                __kernel_sinf